Component: ARM Compiler 5.06 update 6 (build 750) Tool: armlink [4d35ed]

==============================================================================

Section Cross References

    system_stm32f10x.o(i.SetSysClock) refers to system_stm32f10x.o(i.SetSysClockTo72) for SetSysClockTo72
    system_stm32f10x.o(i.SystemCoreClockUpdate) refers to system_stm32f10x.o(.data) for SystemCoreClock
    system_stm32f10x.o(i.SystemInit) refers to system_stm32f10x.o(i.SetSysClock) for SetSysClock
    main.o(i.main) refers to sys.o(i.Stm32_Clock_Init) for Stm32_Clock_Init
    main.o(i.main) refers to sys.o(i.MY_NVIC_PriorityGroupConfig) for MY_NVIC_PriorityGroupConfig
    main.o(i.main) refers to usart.o(i.uart_init) for uart_init
    main.o(i.main) refers to motor.o(i.PWM_Init) for PWM_Init
    main.o(i.main) refers to encoder.o(i.Encoder_Init_TIM2) for Encoder_Init_TIM2
    main.o(i.main) refers to encoder.o(i.Encoder_Init_TIM3) for Encoder_Init_TIM3
    main.o(i.main) refers to colorful_led.o(i.colorful_led_Init) for colorful_led_Init
    main.o(i.main) refers to colorful_led.o(i.Ring_Flowing_Led_Init) for Ring_Flowing_Led_Init
    main.o(i.main) refers to motor.o(i.Set_Pwm) for Set_Pwm
    main.o(i.main) refers to line_tracking.o(i.Line_Tracking_Init) for Line_Tracking_Init
    main.o(i.main) refers to delay.o(i.delay_ms) for delay_ms
    main.o(i.main) refers to line_tracking.o(i.Line_Tracking_Task) for Line_Tracking_Task
    main.o(i.main) refers to colorful_led.o(i.Ring_Flowing_Led_Process) for Ring_Flowing_Led_Process
    delay.o(i.delay_init) refers to misc.o(i.SysTick_CLKSourceConfig) for SysTick_CLKSourceConfig
    sys.o(i.MYRCC_DeInit) refers to sys.o(i.MY_NVIC_SetVectorTable) for MY_NVIC_SetVectorTable
    sys.o(i.MY_NVIC_Init) refers to sys.o(i.MY_NVIC_PriorityGroupConfig) for MY_NVIC_PriorityGroupConfig
    sys.o(i.Stm32_Clock_Init) refers to sys.o(i.MYRCC_DeInit) for MYRCC_DeInit
    sys.o(i.Sys_Standby) refers to sys.o(.emb_text) for WFI_SET
    usart.o(i.IsMotionCommand) refers (Special) to use_no_semi_2.o(.text) for __use_no_semihosting
    usart.o(i.IsStopCommand) refers (Special) to use_no_semi_2.o(.text) for __use_no_semihosting
    usart.o(i.Process_Pending_Uart_Command) refers (Special) to use_no_semi_2.o(.text) for __use_no_semihosting
    usart.o(i.Process_Pending_Uart_Command) refers to control_system.o(i.Execute_Motion_Command) for Execute_Motion_Command
    usart.o(i.Process_Pending_Uart_Command) refers to usart.o(.data) for g_UartCmdTail
    usart.o(i.Process_Pending_Uart_Command) refers to usart.o(.bss) for g_UartCmdQueue
    usart.o(i.USART1_IRQHandler) refers (Special) to use_no_semi_2.o(.text) for __use_no_semihosting
    usart.o(i.USART1_IRQHandler) refers to stm32f10x_usart.o(i.USART_GetFlagStatus) for USART_GetFlagStatus
    usart.o(i.USART1_IRQHandler) refers to stm32f10x_usart.o(i.USART_GetITStatus) for USART_GetITStatus
    usart.o(i.USART1_IRQHandler) refers to stm32f10x_usart.o(i.USART_ReceiveData) for USART_ReceiveData
    usart.o(i.USART1_IRQHandler) refers to usart.o(i.IsStopCommand) for IsStopCommand
    usart.o(i.USART1_IRQHandler) refers to usart.o(i.IsMotionCommand) for IsMotionCommand
    usart.o(i.USART1_IRQHandler) refers to usart.o(.data) for Remote_Cmd_Received
    usart.o(i.USART1_IRQHandler) refers to usart.o(.bss) for g_UartCmdQueue
    usart.o(i._sys_exit) refers (Special) to use_no_semi_2.o(.text) for __use_no_semihosting
    usart.o(i.fputc) refers (Special) to use_no_semi_2.o(.text) for __use_no_semihosting
    usart.o(i.uart_init) refers (Special) to use_no_semi_2.o(.text) for __use_no_semihosting
    usart.o(i.uart_init) refers to stm32f10x_rcc.o(i.RCC_APB2PeriphClockCmd) for RCC_APB2PeriphClockCmd
    usart.o(i.uart_init) refers to stm32f10x_gpio.o(i.GPIO_Init) for GPIO_Init
    usart.o(i.uart_init) refers to misc.o(i.NVIC_Init) for NVIC_Init
    usart.o(i.uart_init) refers to stm32f10x_usart.o(i.USART_Init) for USART_Init
    usart.o(i.uart_init) refers to stm32f10x_usart.o(i.USART_ClearFlag) for USART_ClearFlag
    usart.o(i.uart_init) refers to stm32f10x_usart.o(i.USART_ITConfig) for USART_ITConfig
    usart.o(i.uart_init) refers to stm32f10x_usart.o(i.USART_Cmd) for USART_Cmd
    usart.o(.bss) refers (Special) to use_no_semi_2.o(.text) for __use_no_semihosting
    usart.o(.data) refers (Special) to use_no_semi_2.o(.text) for __use_no_semihosting
    startup_stm32f10x_md.o(STACK) refers (Special) to heapauxi.o(.text) for __use_two_region_memory
    startup_stm32f10x_md.o(HEAP) refers (Special) to heapauxi.o(.text) for __use_two_region_memory
    startup_stm32f10x_md.o(RESET) refers (Special) to heapauxi.o(.text) for __use_two_region_memory
    startup_stm32f10x_md.o(RESET) refers to startup_stm32f10x_md.o(.text) for Reset_Handler
    startup_stm32f10x_md.o(RESET) refers to stm32f10x_it.o(i.NMI_Handler) for NMI_Handler
[...]
    Removing stm32f10x_tim.o(i.TIM_OC3Init), (160 bytes).
    Removing stm32f10x_tim.o(i.TIM_OC3NPolarityConfig), (26 bytes).
    Removing stm32f10x_tim.o(i.TIM_OC3PolarityConfig), (26 bytes).
    Removing stm32f10x_tim.o(i.TIM_OC3PreloadConfig), (18 bytes).
    Removing stm32f10x_tim.o(i.TIM_OC4FastConfig), (26 bytes).
    Removing stm32f10x_tim.o(i.TIM_OC4Init), (124 bytes).
    Removing stm32f10x_tim.o(i.TIM_OC4PolarityConfig), (26 bytes).
    Removing stm32f10x_tim.o(i.TIM_OC4PreloadConfig), (26 bytes).
    Removing stm32f10x_tim.o(i.TIM_OCStructInit), (20 bytes).
    Removing stm32f10x_tim.o(i.TIM_PWMIConfig), (124 bytes).
    Removing stm32f10x_tim.o(i.TIM_PrescalerConfig), (6 bytes).
    Removing stm32f10x_tim.o(i.TIM_SelectCCDMA), (24 bytes).
    Removing stm32f10x_tim.o(i.TIM_SelectCOM), (24 bytes).
    Removing stm32f10x_tim.o(i.TIM_SelectHallSensor), (24 bytes).
    Removing stm32f10x_tim.o(i.TIM_SelectInputTrigger), (18 bytes).
    Removing stm32f10x_tim.o(i.TIM_SelectMasterSlaveMode), (18 bytes).
    Removing stm32f10x_tim.o(i.TIM_SelectOCxM), (82 bytes).
    Removing stm32f10x_tim.o(i.TIM_SelectOnePulseMode), (18 bytes).
    Removing stm32f10x_tim.o(i.TIM_SelectOutputTrigger), (18 bytes).
    Removing stm32f10x_tim.o(i.TIM_SelectSlaveMode), (18 bytes).
    Removing stm32f10x_tim.o(i.TIM_SetAutoreload), (4 bytes).
    Removing stm32f10x_tim.o(i.TIM_SetClockDivision), (18 bytes).
    Removing stm32f10x_tim.o(i.TIM_SetCompare1), (4 bytes).
    Removing stm32f10x_tim.o(i.TIM_SetCompare2), (4 bytes).
    Removing stm32f10x_tim.o(i.TIM_SetCompare3), (4 bytes).
    Removing stm32f10x_tim.o(i.TIM_SetCompare4), (6 bytes).
    Removing stm32f10x_tim.o(i.TIM_TIxExternalClockConfig), (62 bytes).
    Removing stm32f10x_tim.o(i.TIM_UpdateDisableConfig), (24 bytes).
    Removing stm32f10x_tim.o(i.TIM_UpdateRequestConfig), (24 bytes).
    Removing stm32f10x_usart.o(i.USART_ClearITPendingBit), (30 bytes).
    Removing stm32f10x_usart.o(i.USART_ClockInit), (34 bytes).
    Removing stm32f10x_usart.o(i.USART_ClockStructInit), (12 bytes).
    Removing stm32f10x_usart.o(i.USART_DMACmd), (18 bytes).
    Removing stm32f10x_usart.o(i.USART_DeInit), (156 bytes).
    Removing stm32f10x_usart.o(i.USART_HalfDuplexCmd), (24 bytes).
    Removing stm32f10x_usart.o(i.USART_IrDACmd), (24 bytes).
    Removing stm32f10x_usart.o(i.USART_IrDAConfig), (18 bytes).
    Removing stm32f10x_usart.o(i.USART_LINBreakDetectLengthConfig), (18 bytes).
    Removing stm32f10x_usart.o(i.USART_LINCmd), (24 bytes).
    Removing stm32f10x_usart.o(i.USART_OneBitMethodCmd), (24 bytes).
    Removing stm32f10x_usart.o(i.USART_OverSampling8Cmd), (22 bytes).
    Removing stm32f10x_usart.o(i.USART_ReceiverWakeUpCmd), (24 bytes).
    Removing stm32f10x_usart.o(i.USART_SendBreak), (10 bytes).
    Removing stm32f10x_usart.o(i.USART_SendData), (8 bytes).
    Removing stm32f10x_usart.o(i.USART_SetAddress), (18 bytes).
    Removing stm32f10x_usart.o(i.USART_SetGuardTime), (16 bytes).
    Removing stm32f10x_usart.o(i.USART_SetPrescaler), (16 bytes).
    Removing stm32f10x_usart.o(i.USART_SmartCardCmd), (24 bytes).
    Removing stm32f10x_usart.o(i.USART_SmartCardNACKCmd), (24 bytes).
    Removing stm32f10x_usart.o(i.USART_StructInit), (24 bytes).
    Removing stm32f10x_usart.o(i.USART_WakeUpConfig), (18 bytes).
    Removing stm32f10x_wwdg.o(i.WWDG_ClearFlag), (12 bytes).
    Removing stm32f10x_wwdg.o(i.WWDG_DeInit), (22 bytes).
    Removing stm32f10x_wwdg.o(i.WWDG_Enable), (16 bytes).
    Removing stm32f10x_wwdg.o(i.WWDG_EnableIT), (12 bytes).
    Removing stm32f10x_wwdg.o(i.WWDG_GetFlagStatus), (12 bytes).
    Removing stm32f10x_wwdg.o(i.WWDG_SetCounter), (16 bytes).
    Removing stm32f10x_wwdg.o(i.WWDG_SetPrescaler), (24 bytes).
    Removing stm32f10x_wwdg.o(i.WWDG_SetWindowValue), (40 bytes).
    Removing encoder.o(i.Read_Encoder), (108 bytes).
    Removing encoder.o(.data), (8 bytes).
    Removing control_system.o(i.Car_Brake), (64 bytes).
    Removing control_system.o(i.Distance_Reset), (36 bytes).
    Removing control_system.o(i.Execute_Motion_Command), (572 bytes).
    Removing control_system.o(i.Get_Average_Distance_Pulse), (64 bytes).
    Removing control_system.o(i.Incremental_PI_A), (252 bytes).
    Removing control_system.o(i.Incremental_PI_B), (252 bytes).
    Removing control_system.o(i.Move_Backward), (96 bytes).
    Removing control_system.o(i.Move_Forward), (96 bytes).
    Removing control_system.o(i.PID_Reset), (80 bytes).
    Removing control_system.o(i.Rs_To_CPR), (60 bytes).
    Removing control_system.o(i.System_Control), (636 bytes).
    Removing control_system.o(i.Turn_Left), (84 bytes).
    Removing control_system.o(i.Turn_Right), (84 bytes).
    Removing control_system.o(.data), (72 bytes).
    Removing control_system_1.o(i.Check_Is_Cliff), (44 bytes).

468 unused section(s) (total 20164 bytes) removed from the image.

==============================================================================

Image Symbol Table

    Local Symbols

    Symbol Name                              Value     Ov Type        Size  Object(Section)

    ../clib/angel/boardlib.s                 0x00000000   Number         0  boardshut.o ABSOLUTE
    ../clib/angel/boardlib.s                 0x00000000   Number         0  boardinit1.o ABSOLUTE
    ../clib/angel/boardlib.s                 0x00000000   Number         0  boardinit2.o ABSOLUTE
    ../clib/angel/boardlib.s                 0x00000000   Number         0  boardinit3.o ABSOLUTE
    ../clib/angel/handlers.s                 0x00000000   Number         0  __scatter_copy.o ABSOLUTE
    ../clib/angel/handlers.s                 0x00000000   Number         0  __scatter_zi.o ABSOLUTE
    ../clib/angel/kernel.s                   0x00000000   Number         0  __rtentry2.o ABSOLUTE
    ../clib/angel/kernel.s                   0x00000000   Number         0  __rtentry.o ABSOLUTE
    ../clib/angel/kernel.s                   0x00000000   Number         0  rtexit2.o ABSOLUTE
    ../clib/angel/kernel.s                   0x00000000   Number         0  __rtentry4.o ABSOLUTE
    ../clib/angel/kernel.s                   0x00000000   Number         0  rtexit.o ABSOLUTE
    ../clib/angel/rt.s                       0x00000000   Number         0  rt_raise.o ABSOLUTE
    ../clib/angel/scatter.s                  0x00000000   Number         0  __scatter.o ABSOLUTE
    ../clib/angel/startup.s                  0x00000000   Number         0  __main.o ABSOLUTE
    ../clib/angel/sys.s                      0x00000000   Number         0  libspace.o ABSOLUTE
    ../clib/angel/sys.s                      0x00000000   Number         0  sys_stackheap_outer.o ABSOLUTE
    ../clib/angel/sys.s                      0x00000000   Number         0  use_no_semi.o ABSOLUTE
    ../clib/angel/sys.s                      0x00000000   Number         0  use_no_semi_2.o ABSOLUTE
    ../clib/angel/sys.s                      0x00000000   Number         0  indicate_semi.o ABSOLUTE
    ../clib/angel/sysapp.c                   0x00000000   Number         0  sys_wrch.o ABSOLUTE
    ../clib/angel/sysapp.c                   0x00000000   Number         0  sys_command.o ABSOLUTE
    ../clib/armsys.c                         0x00000000   Number         0  _get_argv_nomalloc.o ABSOLUTE
    ../clib/armsys.c                         0x00000000   Number         0  argv_veneer.o ABSOLUTE
    ../clib/armsys.c                         0x00000000   Number         0  argv_veneer.o ABSOLUTE
    ../clib/armsys.c                         0x00000000   Number         0  no_argv.o ABSOLUTE
    ../clib/heapalloc.c                      0x00000000   Number         0  hrguard.o ABSOLUTE
    ../clib/heapaux.c                        0x00000000   Number         0  heapauxi.o ABSOLUTE
    ../clib/libinit.s                        0x00000000   Number         0  libinit2.o ABSOLUTE
    ../clib/libinit.s                        0x00000000   Number         0  libinit.o ABSOLUTE
    ../clib/libinit.s                        0x00000000   Number         0  libshutdown.o ABSOLUTE
    ../clib/libinit.s                        0x00000000   Number         0  libshutdown2.o ABSOLUTE
    ../clib/printf.c                         0x00000000   Number         0  __printf.o ABSOLUTE
    ../clib/printf.c                         0x00000000   Number         0  _printf_char_common.o ABSOLUTE
    ../clib/printf.c                         0x00000000   Number         0  _printf_str.o ABSOLUTE
    ../clib/printf.c                         0x00000000   Number         0  __printf_flags_ss_wp.o ABSOLUTE
    ../clib/printf.c                         0x00000000   Number         0  _printf_char_file.o ABSOLUTE
    ../clib/printf.c                         0x00000000   Number         0  _printf_char.o ABSOLUTE
    ../clib/printf.c                         0x00000000   Number         0  __printf_wp.o ABSOLUTE
    ../clib/printf.c                         0x00000000   Number         0  _printf_intcommon.o ABSOLUTE
    ../clib/printf.c                         0x00000000   Number         0  __printf_ss_wp.o ABSOLUTE
    ../clib/printf.c                         0x00000000   Number         0  __printf_flags_wp.o ABSOLUTE
    ../clib/printf.c                         0x00000000   Number         0  __printf_flags_ss.o ABSOLUTE
    ../clib/printf.c                         0x00000000   Number         0  noretval__2printf.o ABSOLUTE
    ../clib/printf.c                         0x00000000   Number         0  __2printf.o ABSOLUTE
    ../clib/printf.c                         0x00000000   Number         0  _printf_dec.o ABSOLUTE
    ../clib/printf.c                         0x00000000   Number         0  __printf_ss.o ABSOLUTE
    ../clib/printf.c                         0x00000000   Number         0  __printf_flags.o ABSOLUTE
    ../clib/printf.c                         0x00000000   Number         0  __printf_nopercent.o ABSOLUTE
    ../clib/printf_percent.s                 0x00000000   Number         0  _printf_percent.o ABSOLUTE
    ../clib/printf_percent.s                 0x00000000   Number         0  _printf_percent_end.o ABSOLUTE
    ../clib/printf_percent.s                 0x00000000   Number         0  _printf_d.o ABSOLUTE
    ../clib/printf_percent.s                 0x00000000   Number         0  _printf_s.o ABSOLUTE
    ../clib/signal.c                         0x00000000   Number         0  defsig_pvfn_inner.o ABSOLUTE
    ../clib/signal.c                         0x00000000   Number         0  __raise.o ABSOLUTE
    ../clib/signal.c                         0x00000000   Number         0  defsig_exit.o ABSOLUTE
    ../clib/signal.c                         0x00000000   Number         0  defsig_rtmem_outer.o ABSOLUTE
    ../clib/signal.c                         0x00000000   Number         0  defsig_other.o ABSOLUTE
    ../clib/signal.c                         0x00000000   Number         0  defsig_segv_inner.o ABSOLUTE
    ../clib/signal.c                         0x00000000   Number         0  defsig_rtmem_formal.o ABSOLUTE
    ../clib/signal.c                         0x00000000   Number         0  defsig_general.o ABSOLUTE
    ../clib/signal.c                         0x00000000   Number         0  defsig_cppl_inner.o ABSOLUTE
    ../clib/signal.c                         0x00000000   Number         0  defsig_rtmem_inner.o ABSOLUTE
    ../clib/signal.c                         0x00000000   Number         0  defsig_abrt_inner.o ABSOLUTE
    ../clib/signal.c                         0x00000000   Number         0  defsig_fpe_inner.o ABSOLUTE
    ../clib/signal.c                         0x00000000   Number         0  defsig_stak_inner.o ABSOLUTE
    ../clib/signal.c                         0x00000000   Number         0  defsig_rtred_inner.o ABSOLUTE
    ../clib/signal.s                         0x00000000   Number         0  defsig.o ABSOLUTE
    ../clib/stdio.c                          0x00000000   Number         0  ferror_locked.o ABSOLUTE
    ../clib/stdio.c                          0x00000000   Number         0  ferror.o ABSOLUTE
    ../clib/stdlib.c                         0x00000000   Number         0  exit.o ABSOLUTE
    ../fplib/faddsub.s                       0x00000000   Number         0  faddsub_clz.o ABSOLUTE
    ../fplib/fcmpi.s                         0x00000000   Number         0  fcmpi.o ABSOLUTE
    ../fplib/feqf.s                          0x00000000   Number         0  feqf.o ABSOLUTE
    ../fplib/ffix.s                          0x00000000   Number         0  ffix.o ABSOLUTE
    ../fplib/fflt.s                          0x00000000   Number         0  fflt_clz.o ABSOLUTE
    ../fplib/fleqf.s                         0x00000000   Number         0  fleqf.o ABSOLUTE
    ../fplib/fmul.s                          0x00000000   Number         0  fmul.o ABSOLUTE
    ../fplib/fnaninf.s                       0x00000000   Number         0  fnaninf.o ABSOLUTE
    ../fplib/fpinit.s                        0x00000000   Number         0  fpinit.o ABSOLUTE
    ../fplib/fretinf.s                       0x00000000   Number         0  fretinf.o ABSOLUTE
    ../fplib/frleqf.s                        0x00000000   Number         0  frleqf.o ABSOLUTE
    ../fplib/usenofp.s                       0x00000000   Number         0  usenofp.o ABSOLUTE
    ..\CORE\core_cm3.c                       0x00000000   Number         0  core_cm3.o ABSOLUTE
    ..\CORE\startup_stm32f10x_md.s           0x00000000   Number         0  startup_stm32f10x_md.o ABSOLUTE
    ..\QST_HARDWARE\cliff_sensor\cliff_sensor.c 0x00000000   Number         0  control_system_1.o ABSOLUTE
    ..\QST_HARDWARE\colorful_led\colorful_led.c 0x00000000   Number         0  colorful_led.o ABSOLUTE
    ..\QST_HARDWARE\control_system\control_system.c 0x00000000   Number         0  control_system.o ABSOLUTE
    ..\QST_HARDWARE\encoder\encoder.c        0x00000000   Number         0  encoder.o ABSOLUTE
    ..\QST_HARDWARE\line_tracking\line_tracking.c 0x00000000   Number         0  line_tracking.o ABSOLUTE
    ..\QST_HARDWARE\motor\motor.c            0x00000000   Number         0  motor.o ABSOLUTE
    ..\STM32F10x_FWLib\src\misc.c            0x00000000   Number         0  misc.o ABSOLUTE
    ..\STM32F10x_FWLib\src\stm32f10x_adc.c   0x00000000   Number         0  stm32f10x_adc.o ABSOLUTE
    ..\STM32F10x_FWLib\src\stm32f10x_bkp.c   0x00000000   Number         0  stm32f10x_bkp.o ABSOLUTE
    ..\STM32F10x_FWLib\src\stm32f10x_can.c   0x00000000   Number         0  stm32f10x_can.o ABSOLUTE
    ..\STM32F10x_FWLib\src\stm32f10x_cec.c   0x00000000   Number         0  stm32f10x_cec.o ABSOLUTE
    ..\STM32F10x_FWLib\src\stm32f10x_crc.c   0x00000000   Number         0  stm32f10x_crc.o ABSOLUTE
    ..\STM32F10x_FWLib\src\stm32f10x_dac.c   0x00000000   Number         0  stm32f10x_dac.o ABSOLUTE
    ..\STM32F10x_FWLib\src\stm32f10x_dbgmcu.c 0x00000000   Number         0  stm32f10x_dbgmcu.o ABSOLUTE
    ..\STM32F10x_FWLib\src\stm32f10x_dma.c   0x00000000   Number         0  stm32f10x_dma.o ABSOLUTE
    ..\STM32F10x_FWLib\src\stm32f10x_exti.c  0x00000000   Number         0  stm32f10x_exti.o ABSOLUTE
    ..\STM32F10x_FWLib\src\stm32f10x_flash.c 0x00000000   Number         0  stm32f10x_flash.o ABSOLUTE
    ..\STM32F10x_FWLib\src\stm32f10x_fsmc.c  0x00000000   Number         0  stm32f10x_fsmc.o ABSOLUTE
    ..\STM32F10x_FWLib\src\stm32f10x_gpio.c  0x00000000   Number         0  stm32f10x_gpio.o ABSOLUTE
    ..\STM32F10x_FWLib\src\stm32f10x_i2c.c   0x00000000   Number         0  stm32f10x_i2c.o ABSOLUTE
    ..\STM32F10x_FWLib\src\stm32f10x_iwdg.c  0x00000000   Number         0  stm32f10x_iwdg.o ABSOLUTE
    ..\STM32F10x_FWLib\src\stm32f10x_pwr.c   0x00000000   Number         0  stm32f10x_pwr.o ABSOLUTE
    ..\STM32F10x_FWLib\src\stm32f10x_rcc.c   0x00000000   Number         0  stm32f10x_rcc.o ABSOLUTE
    ..\STM32F10x_FWLib\src\stm32f10x_rtc.c   0x00000000   Number         0  stm32f10x_rtc.o ABSOLUTE
    ..\STM32F10x_FWLib\src\stm32f10x_sdio.c  0x00000000   Number         0  stm32f10x_sdio.o ABSOLUTE
    ..\STM32F10x_FWLib\src\stm32f10x_spi.c   0x00000000   Number         0  stm32f10x_spi.o ABSOLUTE
    ..\STM32F10x_FWLib\src\stm32f10x_tim.c   0x00000000   Number         0  stm32f10x_tim.o ABSOLUTE
    ..\STM32F10x_FWLib\src\stm32f10x_usart.c 0x00000000   Number         0  stm32f10x_usart.o ABSOLUTE
    ..\STM32F10x_FWLib\src\stm32f10x_wwdg.c  0x00000000   Number         0  stm32f10x_wwdg.o ABSOLUTE
    ..\SYSTEM\delay\delay.c                  0x00000000   Number         0  delay.o ABSOLUTE
    ..\SYSTEM\sys\sys.c                      0x00000000   Number         0  sys.o ABSOLUTE
    ..\SYSTEM\usart\usart.c                  0x00000000   Number         0  usart.o ABSOLUTE
    ..\\CORE\\core_cm3.c                     0x00000000   Number         0  core_cm3.o ABSOLUTE
    ..\\SYSTEM\\sys\\sys.c                   0x00000000   Number         0  sys.o ABSOLUTE
    dc.s                                     0x00000000   Number         0  dc.o ABSOLUTE
    main.c                                   0x00000000   Number         0  main.o ABSOLUTE
    stm32f10x_it.c                           0x00000000   Number         0  stm32f10x_it.o ABSOLUTE
    system_stm32f10x.c                       0x00000000   Number         0  system_stm32f10x.o ABSOLUTE
    RESET                                    0x08000000   Section      304  startup_stm32f10x_md.o(RESET)
    !!!main                                  0x08000130   Section        8  __main.o(!!!main)
    !!!scatter                               0x08000138   Section       52  __scatter.o(!!!scatter)
    !!handler_copy                           0x0800016c   Section       26  __scatter_copy.o(!!handler_copy)
    !!handler_zi                             0x08000188   Section       28  __scatter_zi.o(!!handler_zi)
    .ARM.Collect$$_printf_percent$$00000000  0x080001a4   Section        0  _printf_percent.o(.ARM.Collect$$_printf_percent$$00000000)
    .ARM.Collect$$_printf_percent$$00000009  0x080001a4   Section        6  _printf_d.o(.ARM.Collect$$_printf_percent$$00000009)
    .ARM.Collect$$_printf_percent$$00000014  0x080001aa   Section        6  _printf_s.o(.ARM.Collect$$_printf_percent$$00000014)
    .ARM.Collect$$_printf_percent$$00000017  0x080001b0   Section        4  _printf_percent_end.o(.ARM.Collect$$_printf_percent$$00000017)
    .ARM.Collect$$libinit$$00000000          0x080001b4   Section        2  libinit.o(.ARM.Collect$$libinit$$00000000)
    .ARM.Collect$$libinit$$00000002          0x080001b6   Section        0  libinit2.o(.ARM.Collect$$libinit$$00000002)
    .ARM.Collect$$libinit$$00000004          0x080001b6   Section        0  libinit2.o(.ARM.Collect$$libinit$$00000004)
    .ARM.Collect$$libinit$$0000000A          0x080001b6   Section        0  libinit2.o(.ARM.Collect$$libinit$$0000000A)
    .ARM.Collect$$libinit$$0000000C          0x080001b6   Section        0  libinit2.o(.ARM.Collect$$libinit$$0000000C)
    .ARM.Collect$$libinit$$0000000E          0x080001b6   Section        0  libinit2.o(.ARM.Collect$$libinit$$0000000E)
    .ARM.Collect$$libinit$$00000011          0x080001b6   Section        0  libinit2.o(.ARM.Collect$$libinit$$00000011)
    .ARM.Collect$$libinit$$00000013          0x080001b6   Section        0  libinit2.o(.ARM.Collect$$libinit$$00000013)
    .ARM.Collect$$libinit$$00000015          0x080001b6   Section        0  libinit2.o(.ARM.Collect$$libinit$$00000015)
    .ARM.Collect$$libinit$$00000017          0x080001b6   Section        0  libinit2.o(.ARM.Collect$$libinit$$00000017)
    .ARM.Collect$$libinit$$00000019          0x080001b6   Section        0  libinit2.o(.ARM.Collect$$libinit$$00000019)
    .ARM.Collect$$libinit$$0000001B          0x080001b6   Section        0  libinit2.o(.ARM.Collect$$libinit$$0000001B)
    .ARM.Collect$$libinit$$0000001D          0x080001b6   Section        0  libinit2.o(.ARM.Collect$$libinit$$0000001D)
    .ARM.Collect$$libinit$$0000001F          0x080001b6   Section        0  libinit2.o(.ARM.Collect$$libinit$$0000001F)
    .ARM.Collect$$libinit$$00000021          0x080001b6   Section        0  libinit2.o(.ARM.Collect$$libinit$$00000021)
    .ARM.Collect$$libinit$$00000023          0x080001b6   Section        0  libinit2.o(.ARM.Collect$$libinit$$00000023)
    .ARM.Collect$$libinit$$00000025          0x080001b6   Section        0  libinit2.o(.ARM.Collect$$libinit$$00000025)
    .ARM.Collect$$libinit$$0000002C          0x080001b6   Section        0  libinit2.o(.ARM.Collect$$libinit$$0000002C)
    .ARM.Collect$$libinit$$0000002E          0x080001b6   Section        0  libinit2.o(.ARM.Collect$$libinit$$0000002E)
    .ARM.Collect$$libinit$$00000030          0x080001b6   Section        0  libinit2.o(.ARM.Collect$$libinit$$00000030)
    .ARM.Collect$$libinit$$00000032          0x080001b6   Section        0  libinit2.o(.ARM.Collect$$libinit$$00000032)
    .ARM.Collect$$libinit$$00000033          0x080001b6   Section        2  libinit2.o(.ARM.Collect$$libinit$$00000033)
    .ARM.Collect$$libshutdown$$00000000      0x080001b8   Section        2  libshutdown.o(.ARM.Collect$$libshutdown$$00000000)
    .ARM.Collect$$libshutdown$$00000002      0x080001ba   Section        0  libshutdown2.o(.ARM.Collect$$libshutdown$$00000002)
    .ARM.Collect$$libshutdown$$00000004      0x080001ba   Section        0  libshutdown2.o(.ARM.Collect$$libshutdown$$00000004)
    .ARM.Collect$$libshutdown$$00000007      0x080001ba   Section        0  libshutdown2.o(.ARM.Collect$$libshutdown$$00000007)
    .ARM.Collect$$libshutdown$$0000000A      0x080001ba   Section        0  libshutdown2.o(.ARM.Collect$$libshutdown$$0000000A)
    .ARM.Collect$$libshutdown$$0000000C      0x080001ba   Section        0  libshutdown2.o(.ARM.Collect$$libshutdown$$0000000C)
    .ARM.Collect$$libshutdown$$0000000F      0x080001ba   Section        0  libshutdown2.o(.ARM.Collect$$libshutdown$$0000000F)
    .ARM.Collect$$libshutdown$$00000010      0x080001ba   Section        2  libshutdown2.o(.ARM.Collect$$libshutdown$$00000010)
    .ARM.Collect$$rtentry$$00000000          0x080001bc   Section        0  __rtentry.o(.ARM.Collect$$rtentry$$00000000)
    .ARM.Collect$$rtentry$$00000002          0x080001bc   Section        0  __rtentry2.o(.ARM.Collect$$rtentry$$00000002)
    .ARM.Collect$$rtentry$$00000004          0x080001bc   Section        6  __rtentry4.o(.ARM.Collect$$rtentry$$00000004)
    .ARM.Collect$$rtentry$$00000009          0x080001c2   Section        0  __rtentry2.o(.ARM.Collect$$rtentry$$00000009)
    .ARM.Collect$$rtentry$$0000000A          0x080001c2   Section        4  __rtentry2.o(.ARM.Collect$$rtentry$$0000000A)
    .ARM.Collect$$rtentry$$0000000C          0x080001c6   Section        0  __rtentry2.o(.ARM.Collect$$rtentry$$0000000C)
    .ARM.Collect$$rtentry$$0000000D          0x080001c6   Section        8  __rtentry2.o(.ARM.Collect$$rtentry$$0000000D)
    .ARM.Collect$$rtexit$$00000000           0x080001ce   Section        2  rtexit.o(.ARM.Collect$$rtexit$$00000000)
    .ARM.Collect$$rtexit$$00000002           0x080001d0   Section        0  rtexit2.o(.ARM.Collect$$rtexit$$00000002)
    .ARM.Collect$$rtexit$$00000003           0x080001d0   Section        4  rtexit2.o(.ARM.Collect$$rtexit$$00000003)
    .ARM.Collect$$rtexit$$00000004           0x080001d4   Section        6  rtexit2.o(.ARM.Collect$$rtexit$$00000004)
    .text                                    0x080001dc   Section       72  startup_stm32f10x_md.o(.text)
    .text                                    0x08000224   Section        2  use_no_semi_2.o(.text)
    .text                                    0x08000228   Section        0  noretval__2printf.o(.text)
    .text                                    0x08000240   Section        0  __printf.o(.text)
    .text                                    0x080002a8   Section        0  _printf_str.o(.text)
    .text                                    0x080002fc   Section        0  _printf_dec.o(.text)
    .text                                    0x08000374   Section        0  heapauxi.o(.text)
    .text                                    0x0800037a   Section        2  use_no_semi.o(.text)
    .text                                    0x0800037c   Section        0  _printf_intcommon.o(.text)
    .text                                    0x0800042e   Section        0  _printf_char.o(.text)
    .text                                    0x0800045c   Section        0  _printf_char_file.o(.text)
    .text                                    0x08000480   Section        0  _printf_char_common.o(.text)
    _printf_input_char                       0x08000481   Thumb Code    10  _printf_char_common.o(.text)
    .text                                    0x080004b0   Section        0  ferror.o(.text)
    .text                                    0x080004b8   Section       74  sys_stackheap_outer.o(.text)
    .text                                    0x08000502   Section        0  exit.o(.text)
    .text                                    0x08000514   Section        8  libspace.o(.text)
    i.BusFault_Handler                       0x0800051c   Section        0  stm32f10x_it.o(i.BusFault_Handler)
    i.Cliff_Sensor_Init                      0x08000520   Section        0  control_system_1.o(i.Cliff_Sensor_Init)
    i.DebugMon_Handler                       0x0800054c   Section        0  stm32f10x_it.o(i.DebugMon_Handler)
    i.Emergency_Stop                         0x0800054e   Section        0  line_tracking.o(i.Emergency_Stop)
    Emergency_Stop                           0x0800054f   Thumb Code    12  line_tracking.o(i.Emergency_Stop)
    i.Encoder_Init_TIM2                      0x0800055c   Section        0  encoder.o(i.Encoder_Init_TIM2)
    i.Encoder_Init_TIM3                      0x080005fc   Section        0  encoder.o(i.Encoder_Init_TIM3)
    i.GPIO_Init                              0x08000698   Section        0  stm32f10x_gpio.o(i.GPIO_Init)
    i.GPIO_ReadInputDataBit                  0x080007ae   Section        0  stm32f10x_gpio.o(i.GPIO_ReadInputDataBit)
    i.HardFault_Handler                      0x080007c0   Section        0  stm32f10x_it.o(i.HardFault_Handler)
    i.IsMotionCommand                        0x080007c4   Section        0  usart.o(i.IsMotionCommand)
    IsMotionCommand                          0x080007c5   Thumb Code    18  usart.o(i.IsMotionCommand)
    i.IsStopCommand                          0x080007d6   Section        0  usart.o(i.IsStopCommand)
    IsStopCommand                            0x080007d7   Thumb Code    30  usart.o(i.IsStopCommand)
    i.L_send_0                               0x080007f4   Section        0  colorful_led.o(i.L_send_0)
    i.L_send_1                               0x080008a4   Section        0  colorful_led.o(i.L_send_1)
    i.L_ws2812_refresh                       0x08000954   Section        0  colorful_led.o(i.L_ws2812_refresh)
    i.L_ws2812_reset                         0x08000a14   Section        0  colorful_led.o(i.L_ws2812_reset)
    i.L_ws2812_rgb                           0x08000a28   Section        0  colorful_led.o(i.L_ws2812_rgb)
    i.Limit_Pwm                              0x08000a5c   Section        0  line_tracking.o(i.Limit_Pwm)
    Limit_Pwm                                0x08000a5d   Thumb Code    24  line_tracking.o(i.Limit_Pwm)
    i.Line_Tracking_Init                     0x08000a78   Section        0  line_tracking.o(i.Line_Tracking_Init)
    i.Line_Tracking_Task                     0x08000af8   Section        0  line_tracking.o(i.Line_Tracking_Task)
    i.Logical_Pwm                            0x08000c6c   Section        0  line_tracking.o(i.Logical_Pwm)
    Logical_Pwm                              0x08000c6d   Thumb Code    34  line_tracking.o(i.Logical_Pwm)
    i.MYRCC_DeInit                           0x08000c90   Section        0  sys.o(i.MYRCC_DeInit)
    i.MY_NVIC_PriorityGroupConfig            0x08000cf8   Section        0  sys.o(i.MY_NVIC_PriorityGroupConfig)
    i.MY_NVIC_SetVectorTable                 0x08000d20   Section        0  sys.o(i.MY_NVIC_SetVectorTable)
    i.MemManage_Handler                      0x08000d34   Section        0  stm32f10x_it.o(i.MemManage_Handler)
    i.Motor_Init                             0x08000d38   Section        0  motor.o(i.Motor_Init)
    i.NMI_Handler                            0x08000d78   Section        0  stm32f10x_it.o(i.NMI_Handler)
    i.NVIC_Init                              0x08000d7c   Section        0  misc.o(i.NVIC_Init)
    i.Normal_Forward                         0x08000dec   Section        0  line_tracking.o(i.Normal_Forward)
    Normal_Forward                           0x08000ded   Thumb Code    14  line_tracking.o(i.Normal_Forward)
    i.Normal_Tracking                        0x08000dfc   Section        0  line_tracking.o(i.Normal_Tracking)
    Normal_Tracking                          0x08000dfd   Thumb Code    56  line_tracking.o(i.Normal_Tracking)
    i.PWM_Init                               0x08000e38   Section        0  motor.o(i.PWM_Init)
    i.PendSV_Handler                         0x08000ee4   Section        0  stm32f10x_it.o(i.PendSV_Handler)
    i.RCC_APB1PeriphClockCmd                 0x08000ee8   Section        0  stm32f10x_rcc.o(i.RCC_APB1PeriphClockCmd)
    i.RCC_APB2PeriphClockCmd                 0x08000f08   Section        0  stm32f10x_rcc.o(i.RCC_APB2PeriphClockCmd)
    i.RCC_GetClocksFreq                      0x08000f28   Section        0  stm32f10x_rcc.o(i.RCC_GetClocksFreq)
    i.R_send_0                               0x08000ffc   Section        0  colorful_led.o(i.R_send_0)
    i.R_send_1                               0x080010ac   Section        0  colorful_led.o(i.R_send_1)
    i.R_ws2812_refresh                       0x0800115c   Section        0  colorful_led.o(i.R_ws2812_refresh)
    i.R_ws2812_reset                         0x0800121c   Section        0  colorful_led.o(i.R_ws2812_reset)
    i.R_ws2812_rgb                           0x08001230   Section        0  colorful_led.o(i.R_ws2812_rgb)
    i.Refresh_Ring_Led                       0x08001264   Section        0  colorful_led.o(i.Refresh_Ring_Led)
    i.Ring_Flowing_Led_Init                  0x08001274   Section        0  colorful_led.o(i.Ring_Flowing_Led_Init)
    i.Ring_Flowing_Led_Process               0x08001288   Section        0  colorful_led.o(i.Ring_Flowing_Led_Process)
    i.Ring_Flowing_Led_Step                  0x080012ac   Section        0  colorful_led.o(i.Ring_Flowing_Led_Step)
    i.Run_Fork_Turn                          0x08001308   Section        0  line_tracking.o(i.Run_Fork_Turn)
    Run_Fork_Turn                            0x08001309   Thumb Code   202  line_tracking.o(i.Run_Fork_Turn)
    i.Run_Single_Shift                       0x08001440   Section        0  line_tracking.o(i.Run_Single_Shift)
    Run_Single_Shift                         0x08001441   Thumb Code   102  line_tracking.o(i.Run_Single_Shift)
    i.SVC_Handler                            0x080014b8   Section        0  stm32f10x_it.o(i.SVC_Handler)
    i.Sensor_Pattern                         0x080014ba   Section        0  line_tracking.o(i.Sensor_Pattern)
    Sensor_Pattern                           0x080014bb   Thumb Code    22  line_tracking.o(i.Sensor_Pattern)
    i.Set_Pwm                                0x080014d0   Section        0  motor.o(i.Set_Pwm)
    i.Set_Ring_Led_Color                     0x08001540   Section        0  colorful_led.o(i.Set_Ring_Led_Color)
    i.Start_Fork_Turn                        0x08001578   Section        0  line_tracking.o(i.Start_Fork_Turn)
    Start_Fork_Turn                          0x08001579   Thumb Code    52  line_tracking.o(i.Start_Fork_Turn)
    i.Start_Single_Shift                     0x080015f4   Section        0  line_tracking.o(i.Start_Single_Shift)
    Start_Single_Shift                       0x080015f5   Thumb Code    26  line_tracking.o(i.Start_Single_Shift)
    i.Stm32_Clock_Init                       0x0800161c   Section        0  sys.o(i.Stm32_Clock_Init)
    i.SysTick_Handler                        0x080016ac   Section        0  stm32f10x_it.o(i.SysTick_Handler)
    i.TI1_Config                             0x080016b0   Section        0  stm32f10x_tim.o(i.TI1_Config)
    TI1_Config                               0x080016b1   Thumb Code   108  stm32f10x_tim.o(i.TI1_Config)
    i.TI2_Config                             0x08001730   Section        0  stm32f10x_tim.o(i.TI2_Config)
    TI2_Config                               0x08001731   Thumb Code   130  stm32f10x_tim.o(i.TI2_Config)
    i.TI3_Config                             0x080017c8   Section        0  stm32f10x_tim.o(i.TI3_Config)
    TI3_Config                               0x080017c9   Thumb Code   122  stm32f10x_tim.o(i.TI3_Config)
    i.TI4_Config                             0x08001858   Section        0  stm32f10x_tim.o(i.TI4_Config)
    TI4_Config                               0x08001859   Thumb Code   130  stm32f10x_tim.o(i.TI4_Config)
    i.TIM_ARRPreloadConfig                   0x080018f0   Section        0  stm32f10x_tim.o(i.TIM_ARRPreloadConfig)
    i.TIM_ClearFlag                          0x08001908   Section        0  stm32f10x_tim.o(i.TIM_ClearFlag)
    i.TIM_Cmd                                0x0800190e   Section        0  stm32f10x_tim.o(i.TIM_Cmd)
    i.TIM_CtrlPWMOutputs                     0x08001926   Section        0  stm32f10x_tim.o(i.TIM_CtrlPWMOutputs)
    i.TIM_EncoderInterfaceConfig             0x08001944   Section        0  stm32f10x_tim.o(i.TIM_EncoderInterfaceConfig)
    i.TIM_ICInit                             0x08001988   Section        0  stm32f10x_tim.o(i.TIM_ICInit)
    i.TIM_ICStructInit                       0x08001a34   Section        0  stm32f10x_tim.o(i.TIM_ICStructInit)
    i.TIM_ITConfig                           0x08001a46   Section        0  stm32f10x_tim.o(i.TIM_ITConfig)
    i.TIM_OC1Init                            0x08001a58   Section        0  stm32f10x_tim.o(i.TIM_OC1Init)
    i.TIM_OC1PreloadConfig                   0x08001af0   Section        0  stm32f10x_tim.o(i.TIM_OC1PreloadConfig)
    i.TIM_OC2Init                            0x08001b04   Section        0  stm32f10x_tim.o(i.TIM_OC2Init)
    i.TIM_OC2PreloadConfig                   0x08001ba8   Section        0  stm32f10x_tim.o(i.TIM_OC2PreloadConfig)
    i.TIM_SetCounter                         0x08001bc2   Section        0  stm32f10x_tim.o(i.TIM_SetCounter)
    i.TIM_SetIC1Prescaler                    0x08001bc6   Section        0  stm32f10x_tim.o(i.TIM_SetIC1Prescaler)
    i.TIM_SetIC2Prescaler                    0x08001bd8   Section        0  stm32f10x_tim.o(i.TIM_SetIC2Prescaler)
    i.TIM_SetIC3Prescaler                    0x08001bf2   Section        0  stm32f10x_tim.o(i.TIM_SetIC3Prescaler)
    i.TIM_SetIC4Prescaler                    0x08001c04   Section        0  stm32f10x_tim.o(i.TIM_SetIC4Prescaler)
    i.TIM_TimeBaseInit                       0x08001c20   Section        0  stm32f10x_tim.o(i.TIM_TimeBaseInit)
    i.TIM_TimeBaseStructInit                 0x08001cc4   Section        0  stm32f10x_tim.o(i.TIM_TimeBaseStructInit)
    i.USART1_IRQHandler                      0x08001cd8   Section        0  usart.o(i.USART1_IRQHandler)
    i.USART_ClearFlag                        0x08001d8c   Section        0  stm32f10x_usart.o(i.USART_ClearFlag)
    i.USART_Cmd                              0x08001d9e   Section        0  stm32f10x_usart.o(i.USART_Cmd)
    i.USART_GetFlagStatus                    0x08001db6   Section        0  stm32f10x_usart.o(i.USART_GetFlagStatus)
    i.USART_GetITStatus                      0x08001dd0   Section        0  stm32f10x_usart.o(i.USART_GetITStatus)
    i.USART_ITConfig                         0x08001e24   Section        0  stm32f10x_usart.o(i.USART_ITConfig)
    i.USART_Init                             0x08001e70   Section        0  stm32f10x_usart.o(i.USART_Init)
    i.USART_ReceiveData                      0x08001f48   Section        0  stm32f10x_usart.o(i.USART_ReceiveData)
    i.UsageFault_Handler                     0x08001f52   Section        0  stm32f10x_it.o(i.UsageFault_Handler)
    i._sys_exit                              0x08001f56   Section        0  usart.o(i._sys_exit)
    i.colorful_led_Init                      0x08001f5c   Section        0  colorful_led.o(i.colorful_led_Init)
    i.delay_ms                               0x08001f9c   Section        0  delay.o(i.delay_ms)
    i.delay_us                               0x08001fba   Section        0  delay.o(i.delay_us)
    i.fputc                                  0x08001fd8   Section        0  usart.o(i.fputc)
    i.main                                   0x08001ff4   Section        0  main.o(i.main)
    i.myabs                                  0x08002064   Section        0  motor.o(i.myabs)
    i.uart_init                              0x08002074   Section        0  usart.o(i.uart_init)
    .data                                    0x20000000   Section        9  usart.o(.data)
    .data                                    0x20000009   Section       20  stm32f10x_rcc.o(.data)
    APBAHBPrescTable                         0x20000009   Data          16  stm32f10x_rcc.o(.data)
    ADCPrescTable                            0x20000019   Data           4  stm32f10x_rcc.o(.data)
    .data                                    0x2000001d   Section        2  colorful_led.o(.data)
    Ring_Led_Step                            0x2000001d   Data           1  colorful_led.o(.data)
    tick_counter                             0x2000001e   Data           1  colorful_led.o(.data)
    .data                                    0x2000001f   Section       14  line_tracking.o(.data)
    s_state                                  0x2000001f   Data           1  line_tracking.o(.data)
    s_sub                                    0x20000020   Data           1  line_tracking.o(.data)
    s_stopped                                0x20000021   Data           1  line_tracking.o(.data)
    s_fork_count                             0x20000022   Data           1  line_tracking.o(.data)
    s_double_black_lock                      0x20000023   Data           1  line_tracking.o(.data)
    s_action_side                            0x20000024   Data           1  line_tracking.o(.data)
    s_action                                 0x20000025   Data           1  line_tracking.o(.data)
    s_action_cycles                          0x20000026   Data           1  line_tracking.o(.data)
    s_fork_action                            0x20000027   Data           1  line_tracking.o(.data)
    s_fork_dir                               0x20000028   Data           1  line_tracking.o(.data)
    s_fork_cycles                            0x20000029   Data           1  line_tracking.o(.data)
    s_fork_exit_cycles                       0x2000002a   Data           1  line_tracking.o(.data)
    s_log_timer                              0x2000002b   Data           1  line_tracking.o(.data)
    s_last_pattern                           0x2000002c   Data           1  line_tracking.o(.data)
    .bss                                     0x20000030   Section      216  usart.o(.bss)
    .bss                                     0x20000108   Section       48  colorful_led.o(.bss)
    .bss                                     0x20000138   Section       96  libspace.o(.bss)
    HEAP                                     0x20000198   Section        0  startup_stm32f10x_md.o(HEAP)
    STACK                                    0x20000198   Section      512  startup_stm32f10x_md.o(STACK)
    Heap_Mem                                 0x20000198   Data           0  startup_stm32f10x_md.o(HEAP)
    Stack_Mem                                0x20000198   Data         512  startup_stm32f10x_md.o(STACK)
    __initial_sp                             0x20000398   Data           0  startup_stm32f10x_md.o(STACK)

    Global Symbols

    Symbol Name                              Value     Ov Type        Size  Object(Section)

    BuildAttributes$$THM_ISAv4$P$D$K$B$S$PE$A:L22UL41UL21$X:L11$S22US41US21$IEEE1$IW$USESV6$~STKCKD$USESV7$~SHL$OSPACE$ROPI$EBA8$UX$STANDARDLIB$REQ8$PRES8$EABIv2 0x00000000   Number         0  anon$$obj.o ABSOLUTE
    __ARM_use_no_argv                        0x00000000   Number         0  main.o ABSOLUTE
    __ARM_exceptions_init                     - Undefined Weak Reference
    __alloca_initialize                       - Undefined Weak Reference
    __arm_preinit_                            - Undefined Weak Reference
    __cpp_initialize__aeabi_                  - Undefined Weak Reference
    __cxa_finalize                            - Undefined Weak Reference
    __rt_locale                               - Undefined Weak Reference
    __sigvec_lookup                           - Undefined Weak Reference
    _atexit_init                              - Undefined Weak Reference
    _call_atexit_fns                          - Undefined Weak Reference
    _clock_init                               - Undefined Weak Reference
    _fp_trap_init                             - Undefined Weak Reference
    _fp_trap_shutdown                         - Undefined Weak Reference
    _get_lc_collate                           - Undefined Weak Reference
    _get_lc_ctype                             - Undefined Weak Reference
    _get_lc_monetary                          - Undefined Weak Reference
    _get_lc_numeric                           - Undefined Weak Reference
    _get_lc_time                              - Undefined Weak Reference
    _getenv_init                              - Undefined Weak Reference
    _handle_redirection                       - Undefined Weak Reference
    _init_alloc                               - Undefined Weak Reference
    _init_user_alloc                          - Undefined Weak Reference
    _initio                                   - Undefined Weak Reference
    _mutex_acquire                            - Undefined Weak Reference
    _mutex_release                            - Undefined Weak Reference
    _printf_mbtowc                            - Undefined Weak Reference
    _printf_post_padding                      - Undefined Weak Reference
    _printf_pre_padding                       - Undefined Weak Reference
    _printf_truncate_signed                   - Undefined Weak Reference
    _printf_truncate_unsigned                 - Undefined Weak Reference
    _rand_init                                - Undefined Weak Reference
    _signal_finish                            - Undefined Weak Reference
    _signal_init                              - Undefined Weak Reference
    _terminate_alloc                          - Undefined Weak Reference
    _terminate_user_alloc                     - Undefined Weak Reference
    _terminateio                              - Undefined Weak Reference
    __Vectors_Size                           0x00000130   Number         0  startup_stm32f10x_md.o ABSOLUTE
    __Vectors                                0x08000000   Data           4  startup_stm32f10x_md.o(RESET)
    __Vectors_End                            0x08000130   Data           0  startup_stm32f10x_md.o(RESET)
    __main                                   0x08000131   Thumb Code     8  __main.o(!!!main)
    __scatterload                            0x08000139   Thumb Code     0  __scatter.o(!!!scatter)
    __scatterload_rt2                        0x08000139   Thumb Code    44  __scatter.o(!!!scatter)
    __scatterload_rt2_thumb_only             0x08000139   Thumb Code     0  __scatter.o(!!!scatter)
    __scatterload_null                       0x08000147   Thumb Code     0  __scatter.o(!!!scatter)
    __scatterload_copy                       0x0800016d   Thumb Code    26  __scatter_copy.o(!!handler_copy)
    __scatterload_zeroinit                   0x08000189   Thumb Code    28  __scatter_zi.o(!!handler_zi)
    _printf_d                                0x080001a5   Thumb Code     0  _printf_d.o(.ARM.Collect$$_printf_percent$$00000009)
    _printf_percent                          0x080001a5   Thumb Code     0  _printf_percent.o(.ARM.Collect$$_printf_percent$$00000000)
    _printf_s                                0x080001ab   Thumb Code     0  _printf_s.o(.ARM.Collect$$_printf_percent$$00000014)
    _printf_percent_end                      0x080001b1   Thumb Code     0  _printf_percent_end.o(.ARM.Collect$$_printf_percent$$00000017)
    __rt_lib_init                            0x080001b5   Thumb Code     0  libinit.o(.ARM.Collect$$libinit$$00000000)
    __rt_lib_init_alloca_1                   0x080001b7   Thumb Code     0  libinit2.o(.ARM.Collect$$libinit$$0000002E)
    __rt_lib_init_argv_1                     0x080001b7   Thumb Code     0  libinit2.o(.ARM.Collect$$libinit$$0000002C)
    __rt_lib_init_atexit_1                   0x080001b7   Thumb Code     0  libinit2.o(.ARM.Collect$$libinit$$0000001B)
    __rt_lib_init_clock_1                    0x080001b7   Thumb Code     0  libinit2.o(.ARM.Collect$$libinit$$00000021)
    __rt_lib_init_cpp_1                      0x080001b7   Thumb Code     0  libinit2.o(.ARM.Collect$$libinit$$00000032)
    __rt_lib_init_exceptions_1               0x080001b7   Thumb Code     0  libinit2.o(.ARM.Collect$$libinit$$00000030)
    __rt_lib_init_fp_1                       0x080001b7   Thumb Code     0  libinit2.o(.ARM.Collect$$libinit$$00000002)
    __rt_lib_init_fp_trap_1                  0x080001b7   Thumb Code     0  libinit2.o(.ARM.Collect$$libinit$$0000001F)
    __rt_lib_init_getenv_1                   0x080001b7   Thumb Code     0  libinit2.o(.ARM.Collect$$libinit$$00000023)
    __rt_lib_init_heap_1                     0x080001b7   Thumb Code     0  libinit2.o(.ARM.Collect$$libinit$$0000000A)
    __rt_lib_init_lc_collate_1               0x080001b7   Thumb Code     0  libinit2.o(.ARM.Collect$$libinit$$00000011)
    __rt_lib_init_lc_ctype_1                 0x080001b7   Thumb Code     0  libinit2.o(.ARM.Collect$$libinit$$00000013)
    __rt_lib_init_lc_monetary_1              0x080001b7   Thumb Code     0  libinit2.o(.ARM.Collect$$libinit$$00000015)
    __rt_lib_init_lc_numeric_1               0x080001b7   Thumb Code     0  libinit2.o(.ARM.Collect$$libinit$$00000017)
    __rt_lib_init_lc_time_1                  0x080001b7   Thumb Code     0  libinit2.o(.ARM.Collect$$libinit$$00000019)
    __rt_lib_init_preinit_1                  0x080001b7   Thumb Code     0  libinit2.o(.ARM.Collect$$libinit$$00000004)
    __rt_lib_init_rand_1                     0x080001b7   Thumb Code     0  libinit2.o(.ARM.Collect$$libinit$$0000000E)
    __rt_lib_init_return                     0x080001b7   Thumb Code     0  libinit2.o(.ARM.Collect$$libinit$$00000033)
    __rt_lib_init_signal_1                   0x080001b7   Thumb Code     0  libinit2.o(.ARM.Collect$$libinit$$0000001D)
    __rt_lib_init_stdio_1                    0x080001b7   Thumb Code     0  libinit2.o(.ARM.Collect$$libinit$$00000025)
    __rt_lib_init_user_alloc_1               0x080001b7   Thumb Code     0  libinit2.o(.ARM.Collect$$libinit$$0000000C)
    __rt_lib_shutdown                        0x080001b9   Thumb Code     0  libshutdown.o(.ARM.Collect$$libshutdown$$00000000)
    __rt_lib_shutdown_cpp_1                  0x080001bb   Thumb Code     0  libshutdown2.o(.ARM.Collect$$libshutdown$$00000002)
    __rt_lib_shutdown_fp_trap_1              0x080001bb   Thumb Code     0  libshutdown2.o(.ARM.Collect$$libshutdown$$00000007)
    __rt_lib_shutdown_heap_1                 0x080001bb   Thumb Code     0  libshutdown2.o(.ARM.Collect$$libshutdown$$0000000F)
    __rt_lib_shutdown_return                 0x080001bb   Thumb Code     0  libshutdown2.o(.ARM.Collect$$libshutdown$$00000010)
    __rt_lib_shutdown_signal_1               0x080001bb   Thumb Code     0  libshutdown2.o(.ARM.Collect$$libshutdown$$0000000A)
    __rt_lib_shutdown_stdio_1                0x080001bb   Thumb Code     0  libshutdown2.o(.ARM.Collect$$libshutdown$$00000004)
    __rt_lib_shutdown_user_alloc_1           0x080001bb   Thumb Code     0  libshutdown2.o(.ARM.Collect$$libshutdown$$0000000C)
    __rt_entry                               0x080001bd   Thumb Code     0  __rtentry.o(.ARM.Collect$$rtentry$$00000000)
    __rt_entry_presh_1                       0x080001bd   Thumb Code     0  __rtentry2.o(.ARM.Collect$$rtentry$$00000002)
    __rt_entry_sh                            0x080001bd   Thumb Code     0  __rtentry4.o(.ARM.Collect$$rtentry$$00000004)
    __rt_entry_li                            0x080001c3   Thumb Code     0  __rtentry2.o(.ARM.Collect$$rtentry$$0000000A)
    __rt_entry_postsh_1                      0x080001c3   Thumb Code     0  __rtentry2.o(.ARM.Collect$$rtentry$$00000009)
    __rt_entry_main                          0x080001c7   Thumb Code     0  __rtentry2.o(.ARM.Collect$$rtentry$$0000000D)
    __rt_entry_postli_1                      0x080001c7   Thumb Code     0  __rtentry2.o(.ARM.Collect$$rtentry$$0000000C)
    __rt_exit                                0x080001cf   Thumb Code     0  rtexit.o(.ARM.Collect$$rtexit$$00000000)
    __rt_exit_ls                             0x080001d1   Thumb Code     0  rtexit2.o(.ARM.Collect$$rtexit$$00000003)
    __rt_exit_prels_1                        0x080001d1   Thumb Code     0  rtexit2.o(.ARM.Collect$$rtexit$$00000002)
    __rt_exit_exit                           0x080001d5   Thumb Code     0  rtexit2.o(.ARM.Collect$$rtexit$$00000004)
    SystemInit_ExtMemCtl                     0x080001dd   Thumb Code     2  startup_stm32f10x_md.o(.text)
    Reset_Handler                            0x080001df   Thumb Code    14  startup_stm32f10x_md.o(.text)
    ADC1_2_IRQHandler                        0x080001ff   Thumb Code     0  startup_stm32f10x_md.o(.text)
    ADC3_IRQHandler                          0x080001ff   Thumb Code     0  startup_stm32f10x_md.o(.text)
    CAN1_RX1_IRQHandler                      0x080001ff   Thumb Code     0  startup_stm32f10x_md.o(.text)
    CAN1_SCE_IRQHandler                      0x080001ff   Thumb Code     0  startup_stm32f10x_md.o(.text)
    DMA1_Channel1_IRQHandler                 0x080001ff   Thumb Code     0  startup_stm32f10x_md.o(.text)
    DMA1_Channel2_IRQHandler                 0x080001ff   Thumb Code     0  startup_stm32f10x_md.o(.text)
    DMA1_Channel3_IRQHandler                 0x080001ff   Thumb Code     0  startup_stm32f10x_md.o(.text)
    DMA1_Channel4_IRQHandler                 0x080001ff   Thumb Code     0  startup_stm32f10x_md.o(.text)
    DMA1_Channel5_IRQHandler                 0x080001ff   Thumb Code     0  startup_stm32f10x_md.o(.text)
    DMA1_Channel6_IRQHandler                 0x080001ff   Thumb Code     0  startup_stm32f10x_md.o(.text)
    DMA1_Channel7_IRQHandler                 0x080001ff   Thumb Code     0  startup_stm32f10x_md.o(.text)
    DMA2_Channel1_IRQHandler                 0x080001ff   Thumb Code     0  startup_stm32f10x_md.o(.text)
    DMA2_Channel2_IRQHandler                 0x080001ff   Thumb Code     0  startup_stm32f10x_md.o(.text)
    DMA2_Channel3_IRQHandler                 0x080001ff   Thumb Code     0  startup_stm32f10x_md.o(.text)
    DMA2_Channel4_5_IRQHandler               0x080001ff   Thumb Code     0  startup_stm32f10x_md.o(.text)
    EXTI0_IRQHandler                         0x080001ff   Thumb Code     0  startup_stm32f10x_md.o(.text)
    EXTI15_10_IRQHandler                     0x080001ff   Thumb Code     0  startup_stm32f10x_md.o(.text)
    EXTI1_IRQHandler                         0x080001ff   Thumb Code     0  startup_stm32f10x_md.o(.text)
    EXTI2_IRQHandler                         0x080001ff   Thumb Code     0  startup_stm32f10x_md.o(.text)
    EXTI3_IRQHandler                         0x080001ff   Thumb Code     0  startup_stm32f10x_md.o(.text)
    EXTI4_IRQHandler                         0x080001ff   Thumb Code     0  startup_stm32f10x_md.o(.text)
    EXTI9_5_IRQHandler                       0x080001ff   Thumb Code     0  startup_stm32f10x_md.o(.text)
    FLASH_IRQHandler                         0x080001ff   Thumb Code     0  startup_stm32f10x_md.o(.text)
    FSMC_IRQHandler                          0x080001ff   Thumb Code     0  startup_stm32f10x_md.o(.text)
    I2C1_ER_IRQHandler                       0x080001ff   Thumb Code     0  startup_stm32f10x_md.o(.text)
    I2C1_EV_IRQHandler                       0x080001ff   Thumb Code     0  startup_stm32f10x_md.o(.text)
    I2C2_ER_IRQHandler                       0x080001ff   Thumb Code     0  startup_stm32f10x_md.o(.text)
    I2C2_EV_IRQHandler                       0x080001ff   Thumb Code     0  startup_stm32f10x_md.o(.text)
    PVD_IRQHandler                           0x080001ff   Thumb Code     0  startup_stm32f10x_md.o(.text)
    RCC_IRQHandler                           0x080001ff   Thumb Code     0  startup_stm32f10x_md.o(.text)
    RTCAlarm_IRQHandler                      0x080001ff   Thumb Code     0  startup_stm32f10x_md.o(.text)
    RTC_IRQHandler                           0x080001ff   Thumb Code     0  startup_stm32f10x_md.o(.text)
    SDIO_IRQHandler                          0x080001ff   Thumb Code     0  startup_stm32f10x_md.o(.text)
    SPI1_IRQHandler                          0x080001ff   Thumb Code     0  startup_stm32f10x_md.o(.text)
    SPI2_IRQHandler                          0x080001ff   Thumb Code     0  startup_stm32f10x_md.o(.text)
    SPI3_IRQHandler                          0x080001ff   Thumb Code     0  startup_stm32f10x_md.o(.text)
    TAMPER_IRQHandler                        0x080001ff   Thumb Code     0  startup_stm32f10x_md.o(.text)
    TIM1_BRK_IRQHandler                      0x080001ff   Thumb Code     0  startup_stm32f10x_md.o(.text)
    TIM1_CC_IRQHandler                       0x080001ff   Thumb Code     0  startup_stm32f10x_md.o(.text)
    TIM1_TRG_COM_IRQHandler                  0x080001ff   Thumb Code     0  startup_stm32f10x_md.o(.text)
    TIM1_UP_IRQHandler                       0x080001ff   Thumb Code     0  startup_stm32f10x_md.o(.text)
    TIM2_IRQHandler                          0x080001ff   Thumb Code     0  startup_stm32f10x_md.o(.text)
    TIM3_IRQHandler                          0x080001ff   Thumb Code     0  startup_stm32f10x_md.o(.text)
    TIM4_IRQHandler                          0x080001ff   Thumb Code     0  startup_stm32f10x_md.o(.text)
    TIM5_IRQHandler                          0x080001ff   Thumb Code     0  startup_stm32f10x_md.o(.text)
    TIM6_IRQHandler                          0x080001ff   Thumb Code     0  startup_stm32f10x_md.o(.text)
    TIM7_IRQHandler                          0x080001ff   Thumb Code     0  startup_stm32f10x_md.o(.text)
    TIM8_BRK_IRQHandler                      0x080001ff   Thumb Code     0  startup_stm32f10x_md.o(.text)
    TIM8_CC_IRQHandler                       0x080001ff   Thumb Code     0  startup_stm32f10x_md.o(.text)
    TIM8_TRG_COM_IRQHandler                  0x080001ff   Thumb Code     0  startup_stm32f10x_md.o(.text)
    TIM8_UP_IRQHandler                       0x080001ff   Thumb Code     0  startup_stm32f10x_md.o(.text)
    UART4_IRQHandler                         0x080001ff   Thumb Code     0  startup_stm32f10x_md.o(.text)
    UART5_IRQHandler                         0x080001ff   Thumb Code     0  startup_stm32f10x_md.o(.text)
    USART2_IRQHandler                        0x080001ff   Thumb Code     0  startup_stm32f10x_md.o(.text)
    USART3_IRQHandler                        0x080001ff   Thumb Code     0  startup_stm32f10x_md.o(.text)
    USBWakeUp_IRQHandler                     0x080001ff   Thumb Code     0  startup_stm32f10x_md.o(.text)
    USB_HP_CAN1_TX_IRQHandler                0x080001ff   Thumb Code     0  startup_stm32f10x_md.o(.text)
    USB_LP_CAN1_RX0_IRQHandler               0x080001ff   Thumb Code     0  startup_stm32f10x_md.o(.text)
    WWDG_IRQHandler                          0x080001ff   Thumb Code     0  startup_stm32f10x_md.o(.text)
    __user_initial_stackheap                 0x08000201   Thumb Code     0  startup_stm32f10x_md.o(.text)
    __use_no_semihosting                     0x08000225   Thumb Code     2  use_no_semi_2.o(.text)
    __2printf                                0x08000229   Thumb Code    20  noretval__2printf.o(.text)
    __printf                                 0x08000241   Thumb Code   104  __printf.o(.text)
    _printf_str                              0x080002a9   Thumb Code    82  _printf_str.o(.text)
    _printf_int_dec                          0x080002fd   Thumb Code   104  _printf_dec.o(.text)
    __use_two_region_memory                  0x08000375   Thumb Code     2  heapauxi.o(.text)
    __rt_heap_escrow$2region                 0x08000377   Thumb Code     2  heapauxi.o(.text)
    __rt_heap_expand$2region                 0x08000379   Thumb Code     2  heapauxi.o(.text)
    __I$use$semihosting                      0x0800037b   Thumb Code     0  use_no_semi.o(.text)
    __use_no_semihosting_swi                 0x0800037b   Thumb Code     2  use_no_semi.o(.text)
    _printf_int_common                       0x0800037d   Thumb Code   178  _printf_intcommon.o(.text)
    _printf_cs_common                        0x0800042f   Thumb Code    20  _printf_char.o(.text)
    _printf_char                             0x08000443   Thumb Code    16  _printf_char.o(.text)
    _printf_string                           0x08000453   Thumb Code     8  _printf_char.o(.text)
    _printf_char_file                        0x0800045d   Thumb Code    32  _printf_char_file.o(.text)
    _printf_char_common                      0x0800048b   Thumb Code    32  _printf_char_common.o(.text)
    ferror                                   0x080004b1   Thumb Code     8  ferror.o(.text)
    __user_setup_stackheap                   0x080004b9   Thumb Code    74  sys_stackheap_outer.o(.text)
    exit                                     0x08000503   Thumb Code    18  exit.o(.text)
    __user_libspace                          0x08000515   Thumb Code     8  libspace.o(.text)
    __user_perproc_libspace                  0x08000515   Thumb Code     0  libspace.o(.text)
    __user_perthread_libspace                0x08000515   Thumb Code     0  libspace.o(.text)
    BusFault_Handler                         0x0800051d   Thumb Code     4  stm32f10x_it.o(i.BusFault_Handler)
    Cliff_Sensor_Init                        0x08000521   Thumb Code    40  control_system_1.o(i.Cliff_Sensor_Init)
    DebugMon_Handler                         0x0800054d   Thumb Code     2  stm32f10x_it.o(i.DebugMon_Handler)
    Encoder_Init_TIM2                        0x0800055d   Thumb Code   154  encoder.o(i.Encoder_Init_TIM2)
    Encoder_Init_TIM3                        0x080005fd   Thumb Code   148  encoder.o(i.Encoder_Init_TIM3)
    GPIO_Init                                0x08000699   Thumb Code   278  stm32f10x_gpio.o(i.GPIO_Init)
    GPIO_ReadInputDataBit                    0x080007af   Thumb Code    18  stm32f10x_gpio.o(i.GPIO_ReadInputDataBit)
    HardFault_Handler                        0x080007c1   Thumb Code     4  stm32f10x_it.o(i.HardFault_Handler)
    L_send_0                                 0x080007f5   Thumb Code   166  colorful_led.o(i.L_send_0)
    L_send_1                                 0x080008a5   Thumb Code   166  colorful_led.o(i.L_send_1)
    L_ws2812_refresh                         0x08000955   Thumb Code   186  colorful_led.o(i.L_ws2812_refresh)
    L_ws2812_reset                           0x08000a15   Thumb Code    16  colorful_led.o(i.L_ws2812_reset)
    L_ws2812_rgb                             0x08000a29   Thumb Code    46  colorful_led.o(i.L_ws2812_rgb)
    Line_Tracking_Init                       0x08000a79   Thumb Code    72  line_tracking.o(i.Line_Tracking_Init)
    Line_Tracking_Task                       0x08000af9   Thumb Code   282  line_tracking.o(i.Line_Tracking_Task)
    MYRCC_DeInit                             0x08000c91   Thumb Code    90  sys.o(i.MYRCC_DeInit)
    MY_NVIC_PriorityGroupConfig              0x08000cf9   Thumb Code    32  sys.o(i.MY_NVIC_PriorityGroupConfig)
    MY_NVIC_SetVectorTable                   0x08000d21   Thumb Code    12  sys.o(i.MY_NVIC_SetVectorTable)
    MemManage_Handler                        0x08000d35   Thumb Code     4  stm32f10x_it.o(i.MemManage_Handler)
    Motor_Init                               0x08000d39   Thumb Code    52  motor.o(i.Motor_Init)
    NMI_Handler                              0x08000d79   Thumb Code     2  stm32f10x_it.o(i.NMI_Handler)
    NVIC_Init                                0x08000d7d   Thumb Code   100  misc.o(i.NVIC_Init)
    PWM_Init                                 0x08000e39   Thumb Code   162  motor.o(i.PWM_Init)
    PendSV_Handler                           0x08000ee5   Thumb Code     2  stm32f10x_it.o(i.PendSV_Handler)
    RCC_APB1PeriphClockCmd                   0x08000ee9   Thumb Code    26  stm32f10x_rcc.o(i.RCC_APB1PeriphClockCmd)
    RCC_APB2PeriphClockCmd                   0x08000f09   Thumb Code    26  stm32f10x_rcc.o(i.RCC_APB2PeriphClockCmd)
    RCC_GetClocksFreq                        0x08000f29   Thumb Code   192  stm32f10x_rcc.o(i.RCC_GetClocksFreq)
    R_send_0                                 0x08000ffd   Thumb Code   166  colorful_led.o(i.R_send_0)
    R_send_1                                 0x080010ad   Thumb Code   166  colorful_led.o(i.R_send_1)
    R_ws2812_refresh                         0x0800115d   Thumb Code   186  colorful_led.o(i.R_ws2812_refresh)
    R_ws2812_reset                           0x0800121d   Thumb Code    16  colorful_led.o(i.R_ws2812_reset)
    R_ws2812_rgb                             0x08001231   Thumb Code    46  colorful_led.o(i.R_ws2812_rgb)
    Refresh_Ring_Led                         0x08001265   Thumb Code    16  colorful_led.o(i.Refresh_Ring_Led)
    Ring_Flowing_Led_Init                    0x08001275   Thumb Code    14  colorful_led.o(i.Ring_Flowing_Led_Init)
    Ring_Flowing_Led_Process                 0x08001289   Thumb Code    30  colorful_led.o(i.Ring_Flowing_Led_Process)
    Ring_Flowing_Led_Step                    0x080012ad   Thumb Code    86  colorful_led.o(i.Ring_Flowing_Led_Step)
    SVC_Handler                              0x080014b9   Thumb Code     2  stm32f10x_it.o(i.SVC_Handler)
    Set_Pwm                                  0x080014d1   Thumb Code   104  motor.o(i.Set_Pwm)
    Set_Ring_Led_Color                       0x08001541   Thumb Code    56  colorful_led.o(i.Set_Ring_Led_Color)
    Stm32_Clock_Init                         0x0800161d   Thumb Code   134  sys.o(i.Stm32_Clock_Init)
    SysTick_Handler                          0x080016ad   Thumb Code     2  stm32f10x_it.o(i.SysTick_Handler)
    TIM_ARRPreloadConfig                     0x080018f1   Thumb Code    24  stm32f10x_tim.o(i.TIM_ARRPreloadConfig)
    TIM_ClearFlag                            0x08001909   Thumb Code     6  stm32f10x_tim.o(i.TIM_ClearFlag)
    TIM_Cmd                                  0x0800190f   Thumb Code    24  stm32f10x_tim.o(i.TIM_Cmd)
    TIM_CtrlPWMOutputs                       0x08001927   Thumb Code    30  stm32f10x_tim.o(i.TIM_CtrlPWMOutputs)
    TIM_EncoderInterfaceConfig               0x08001945   Thumb Code    66  stm32f10x_tim.o(i.TIM_EncoderInterfaceConfig)
    TIM_ICInit                               0x08001989   Thumb Code   150  stm32f10x_tim.o(i.TIM_ICInit)
    TIM_ICStructInit                         0x08001a35   Thumb Code    18  stm32f10x_tim.o(i.TIM_ICStructInit)
    TIM_ITConfig                             0x08001a47   Thumb Code    18  stm32f10x_tim.o(i.TIM_ITConfig)
    TIM_OC1Init                              0x08001a59   Thumb Code   132  stm32f10x_tim.o(i.TIM_OC1Init)
    TIM_OC1PreloadConfig                     0x08001af1   Thumb Code    18  stm32f10x_tim.o(i.TIM_OC1PreloadConfig)
    TIM_OC2Init                              0x08001b05   Thumb Code   154  stm32f10x_tim.o(i.TIM_OC2Init)
    TIM_OC2PreloadConfig                     0x08001ba9   Thumb Code    26  stm32f10x_tim.o(i.TIM_OC2PreloadConfig)
    TIM_SetCounter                           0x08001bc3   Thumb Code     4  stm32f10x_tim.o(i.TIM_SetCounter)
    TIM_SetIC1Prescaler                      0x08001bc7   Thumb Code    18  stm32f10x_tim.o(i.TIM_SetIC1Prescaler)
    TIM_SetIC2Prescaler                      0x08001bd9   Thumb Code    26  stm32f10x_tim.o(i.TIM_SetIC2Prescaler)
    TIM_SetIC3Prescaler                      0x08001bf3   Thumb Code    18  stm32f10x_tim.o(i.TIM_SetIC3Prescaler)
    TIM_SetIC4Prescaler                      0x08001c05   Thumb Code    26  stm32f10x_tim.o(i.TIM_SetIC4Prescaler)
    TIM_TimeBaseInit                         0x08001c21   Thumb Code   122  stm32f10x_tim.o(i.TIM_TimeBaseInit)
    TIM_TimeBaseStructInit                   0x08001cc5   Thumb Code    18  stm32f10x_tim.o(i.TIM_TimeBaseStructInit)
    USART1_IRQHandler                        0x08001cd9   Thumb Code   158  usart.o(i.USART1_IRQHandler)
    USART_ClearFlag                          0x08001d8d   Thumb Code    18  stm32f10x_usart.o(i.USART_ClearFlag)
    USART_Cmd                                0x08001d9f   Thumb Code    24  stm32f10x_usart.o(i.USART_Cmd)
    USART_GetFlagStatus                      0x08001db7   Thumb Code    26  stm32f10x_usart.o(i.USART_GetFlagStatus)
    USART_GetITStatus                        0x08001dd1   Thumb Code    84  stm32f10x_usart.o(i.USART_GetITStatus)
    USART_ITConfig                           0x08001e25   Thumb Code    74  stm32f10x_usart.o(i.USART_ITConfig)
    USART_Init                               0x08001e71   Thumb Code   210  stm32f10x_usart.o(i.USART_Init)
    USART_ReceiveData                        0x08001f49   Thumb Code    10  stm32f10x_usart.o(i.USART_ReceiveData)
    UsageFault_Handler                       0x08001f53   Thumb Code     4  stm32f10x_it.o(i.UsageFault_Handler)
    _sys_exit                                0x08001f57   Thumb Code     6  usart.o(i._sys_exit)
    colorful_led_Init                        0x08001f5d   Thumb Code    52  colorful_led.o(i.colorful_led_Init)
    delay_ms                                 0x08001f9d   Thumb Code    30  delay.o(i.delay_ms)
    delay_us                                 0x08001fbb   Thumb Code    28  delay.o(i.delay_us)
    fputc                                    0x08001fd9   Thumb Code    24  usart.o(i.fputc)
    main                                     0x08001ff5   Thumb Code   108  main.o(i.main)
    myabs                                    0x08002065   Thumb Code    14  motor.o(i.myabs)
    uart_init                                0x08002075   Thumb Code   172  usart.o(i.uart_init)
    Region$$Table$$Base                      0x08002128   Number         0  anon$$obj.o(Region$$Table)
    Region$$Table$$Limit                     0x08002148   Number         0  anon$$obj.o(Region$$Table)
    __stdout                                 0x20000000   Data           4  usart.o(.data)
    USART_RX_STA                             0x20000004   Data           2  usart.o(.data)
    Remote_Cmd_Received                      0x20000006   Data           1  usart.o(.data)
    g_UartCmdHead                            0x20000007   Data           1  usart.o(.data)
    g_UartCmdTail                            0x20000008   Data           1  usart.o(.data)
    USART_RX_BUF                             0x20000030   Data         200  usart.o(.bss)
    g_UartCmdQueue                           0x200000f8   Data          16  usart.o(.bss)
    L_ws_data                                0x20000108   Data          24  colorful_led.o(.bss)
    R_ws_data                                0x20000120   Data          24  colorful_led.o(.bss)
    __libspace_start                         0x20000138   Data          96  libspace.o(.bss)
    __temporary_stack_top$libspace           0x20000198   Data           0  libspace.o(.bss)



==============================================================================

Memory Map of the image

  Image Entry point : 0x080001df

  Load Region LR_1 (Base: 0x08000000, Size: 0x00002178, Max: 0xffffffff, ABSOLUTE)

    Execution Region ER_RO (Exec base: 0x08000000, Load base: 0x08000000, Size: 0x00002148, Max: 0xffffffff, ABSOLUTE)

    Exec Addr    Load Addr    Size         Type   Attr      Idx    E Section Name        Object

    0x08000000   0x08000000   0x00000130   Data   RO          406    RESET               startup_stm32f10x_md.o
    0x08000130   0x08000130   0x00000008   Code   RO         3767  * !!!main             c_w.l(__main.o)
    0x08000138   0x08000138   0x00000034   Code   RO         3968    !!!scatter          c_w.l(__scatter.o)
    0x0800016c   0x0800016c   0x0000001a   Code   RO         3970    !!handler_copy      c_w.l(__scatter_copy.o)
    0x08000186   0x08000186   0x00000002   PAD
    0x08000188   0x08000188   0x0000001c   Code   RO         3972    !!handler_zi        c_w.l(__scatter_zi.o)
    0x080001a4   0x080001a4   0x00000000   Code   RO         3764    .ARM.Collect$$_printf_percent$$00000000  c_w.l(_printf_percent.o)
    0x080001a4   0x080001a4   0x00000006   Code   RO         3763    .ARM.Collect$$_printf_percent$$00000009  c_w.l(_printf_d.o)
    0x080001aa   0x080001aa   0x00000006   Code   RO         3762    .ARM.Collect$$_printf_percent$$00000014  c_w.l(_printf_s.o)
    0x080001b0   0x080001b0   0x00000004   Code   RO         3802    .ARM.Collect$$_printf_percent$$00000017  c_w.l(_printf_percent_end.o)
    0x080001b4   0x080001b4   0x00000002   Code   RO         3842    .ARM.Collect$$libinit$$00000000  c_w.l(libinit.o)
    0x080001b6   0x080001b6   0x00000000   Code   RO         3849    .ARM.Collect$$libinit$$00000002  c_w.l(libinit2.o)
    0x080001b6   0x080001b6   0x00000000   Code   RO         3851    .ARM.Collect$$libinit$$00000004  c_w.l(libinit2.o)
    0x080001b6   0x080001b6   0x00000000   Code   RO         3854    .ARM.Collect$$libinit$$0000000A  c_w.l(libinit2.o)
    0x080001b6   0x080001b6   0x00000000   Code   RO         3856    .ARM.Collect$$libinit$$0000000C  c_w.l(libinit2.o)
    0x080001b6   0x080001b6   0x00000000   Code   RO         3858    .ARM.Collect$$libinit$$0000000E  c_w.l(libinit2.o)
    0x080001b6   0x080001b6   0x00000000   Code   RO         3861    .ARM.Collect$$libinit$$00000011  c_w.l(libinit2.o)
    0x080001b6   0x080001b6   0x00000000   Code   RO         3863    .ARM.Collect$$libinit$$00000013  c_w.l(libinit2.o)
    0x080001b6   0x080001b6   0x00000000   Code   RO         3865    .ARM.Collect$$libinit$$00000015  c_w.l(libinit2.o)
    0x080001b6   0x080001b6   0x00000000   Code   RO         3867    .ARM.Collect$$libinit$$00000017  c_w.l(libinit2.o)
    0x080001b6   0x080001b6   0x00000000   Code   RO         3869    .ARM.Collect$$libinit$$00000019  c_w.l(libinit2.o)
    0x080001b6   0x080001b6   0x00000000   Code   RO         3871    .ARM.Collect$$libinit$$0000001B  c_w.l(libinit2.o)
    0x080001b6   0x080001b6   0x00000000   Code   RO         3873    .ARM.Collect$$libinit$$0000001D  c_w.l(libinit2.o)
    0x080001b6   0x080001b6   0x00000000   Code   RO         3875    .ARM.Collect$$libinit$$0000001F  c_w.l(libinit2.o)
    0x080001b6   0x080001b6   0x00000000   Code   RO         3877    .ARM.Collect$$libinit$$00000021  c_w.l(libinit2.o)
    0x080001b6   0x080001b6   0x00000000   Code   RO         3879    .ARM.Collect$$libinit$$00000023  c_w.l(libinit2.o)
    0x080001b6   0x080001b6   0x00000000   Code   RO         3881    .ARM.Collect$$libinit$$00000025  c_w.l(libinit2.o)
    0x080001b6   0x080001b6   0x00000000   Code   RO         3885    .ARM.Collect$$libinit$$0000002C  c_w.l(libinit2.o)
    0x080001b6   0x080001b6   0x00000000   Code   RO         3887    .ARM.Collect$$libinit$$0000002E  c_w.l(libinit2.o)
    0x080001b6   0x080001b6   0x00000000   Code   RO         3889    .ARM.Collect$$libinit$$00000030  c_w.l(libinit2.o)
    0x080001b6   0x080001b6   0x00000000   Code   RO         3891    .ARM.Collect$$libinit$$00000032  c_w.l(libinit2.o)
    0x080001b6   0x080001b6   0x00000002   Code   RO         3892    .ARM.Collect$$libinit$$00000033  c_w.l(libinit2.o)
    0x080001b8   0x080001b8   0x00000002   Code   RO         3910    .ARM.Collect$$libshutdown$$00000000  c_w.l(libshutdown.o)
    0x080001ba   0x080001ba   0x00000000   Code   RO         3920    .ARM.Collect$$libshutdown$$00000002  c_w.l(libshutdown2.o)
    0x080001ba   0x080001ba   0x00000000   Code   RO         3922    .ARM.Collect$$libshutdown$$00000004  c_w.l(libshutdown2.o)
    0x080001ba   0x080001ba   0x00000000   Code   RO         3925    .ARM.Collect$$libshutdown$$00000007  c_w.l(libshutdown2.o)
    0x080001ba   0x080001ba   0x00000000   Code   RO         3928    .ARM.Collect$$libshutdown$$0000000A  c_w.l(libshutdown2.o)
    0x080001ba   0x080001ba   0x00000000   Code   RO         3930    .ARM.Collect$$libshutdown$$0000000C  c_w.l(libshutdown2.o)
    0x080001ba   0x080001ba   0x00000000   Code   RO         3933    .ARM.Collect$$libshutdown$$0000000F  c_w.l(libshutdown2.o)
    0x080001ba   0x080001ba   0x00000002   Code   RO         3934    .ARM.Collect$$libshutdown$$00000010  c_w.l(libshutdown2.o)
    0x080001bc   0x080001bc   0x00000000   Code   RO         3795    .ARM.Collect$$rtentry$$00000000  c_w.l(__rtentry.o)
    0x080001bc   0x080001bc   0x00000000   Code   RO         3811    .ARM.Collect$$rtentry$$00000002  c_w.l(__rtentry2.o)
    0x080001bc   0x080001bc   0x00000006   Code   RO         3823    .ARM.Collect$$rtentry$$00000004  c_w.l(__rtentry4.o)
    0x080001c2   0x080001c2   0x00000000   Code   RO         3813    .ARM.Collect$$rtentry$$00000009  c_w.l(__rtentry2.o)
    0x080001c2   0x080001c2   0x00000004   Code   RO         3814    .ARM.Collect$$rtentry$$0000000A  c_w.l(__rtentry2.o)
    0x080001c6   0x080001c6   0x00000000   Code   RO         3816    .ARM.Collect$$rtentry$$0000000C  c_w.l(__rtentry2.o)
    0x080001c6   0x080001c6   0x00000008   Code   RO         3817    .ARM.Collect$$rtentry$$0000000D  c_w.l(__rtentry2.o)
    0x080001ce   0x080001ce   0x00000002   Code   RO         3846    .ARM.Collect$$rtexit$$00000000  c_w.l(rtexit.o)
    0x080001d0   0x080001d0   0x00000000   Code   RO         3894    .ARM.Collect$$rtexit$$00000002  c_w.l(rtexit2.o)
    0x080001d0   0x080001d0   0x00000004   Code   RO         3895    .ARM.Collect$$rtexit$$00000003  c_w.l(rtexit2.o)
    0x080001d4   0x080001d4   0x00000006   Code   RO         3896    .ARM.Collect$$rtexit$$00000004  c_w.l(rtexit2.o)
    0x080001da   0x080001da   0x00000002   PAD
    0x080001dc   0x080001dc   0x00000048   Code   RO          407  * .text               startup_stm32f10x_md.o
    0x08000224   0x08000224   0x00000002   Code   RO         3730    .text               c_w.l(use_no_semi_2.o)
    0x08000226   0x08000226   0x00000002   PAD
    0x08000228   0x08000228   0x00000018   Code   RO         3734    .text               c_w.l(noretval__2printf.o)
    0x08000240   0x08000240   0x00000068   Code   RO         3736    .text               c_w.l(__printf.o)
    0x080002a8   0x080002a8   0x00000052   Code   RO         3738    .text               c_w.l(_printf_str.o)
    0x080002fa   0x080002fa   0x00000002   PAD
    0x080002fc   0x080002fc   0x00000078   Code   RO         3740    .text               c_w.l(_printf_dec.o)
    0x08000374   0x08000374   0x00000006   Code   RO         3765    .text               c_w.l(heapauxi.o)
    0x0800037a   0x0800037a   0x00000002   Code   RO         3793    .text               c_w.l(use_no_semi.o)
    0x0800037c   0x0800037c   0x000000b2   Code   RO         3796    .text               c_w.l(_printf_intcommon.o)
    0x0800042e   0x0800042e   0x0000002c   Code   RO         3798    .text               c_w.l(_printf_char.o)
    0x0800045a   0x0800045a   0x00000002   PAD
    0x0800045c   0x0800045c   0x00000024   Code   RO         3800    .text               c_w.l(_printf_char_file.o)
    0x08000480   0x08000480   0x00000030   Code   RO         3825    .text               c_w.l(_printf_char_common.o)
    0x080004b0   0x080004b0   0x00000008   Code   RO         3827    .text               c_w.l(ferror.o)
    0x080004b8   0x080004b8   0x0000004a   Code   RO         3831    .text               c_w.l(sys_stackheap_outer.o)
    0x08000502   0x08000502   0x00000012   Code   RO         3835    .text               c_w.l(exit.o)
    0x08000514   0x08000514   0x00000008   Code   RO         3843    .text               c_w.l(libspace.o)
    0x0800051c   0x0800051c   0x00000004   Code   RO            1    i.BusFault_Handler  stm32f10x_it.o
    0x08000520   0x08000520   0x0000002c   Code   RO         3635    i.Cliff_Sensor_Init  control_system_1.o
    0x0800054c   0x0800054c   0x00000002   Code   RO            2    i.DebugMon_Handler  stm32f10x_it.o
    0x0800054e   0x0800054e   0x0000000c   Code   RO         3655    i.Emergency_Stop    line_tracking.o
    0x0800055a   0x0800055a   0x00000002   PAD
    0x0800055c   0x0800055c   0x000000a0   Code   RO         3517    i.Encoder_Init_TIM2  encoder.o
    0x080005fc   0x080005fc   0x0000009c   Code   RO         3518    i.Encoder_Init_TIM3  encoder.o
    0x08000698   0x08000698   0x00000116   Code   RO         1562    i.GPIO_Init         stm32f10x_gpio.o
    0x080007ae   0x080007ae   0x00000012   Code   RO         1566    i.GPIO_ReadInputDataBit  stm32f10x_gpio.o
    0x080007c0   0x080007c0   0x00000004   Code   RO            3    i.HardFault_Handler  stm32f10x_it.o
    0x080007c4   0x080007c4   0x00000012   Code   RO          333    i.IsMotionCommand   usart.o
    0x080007d6   0x080007d6   0x0000001e   Code   RO          334    i.IsStopCommand     usart.o
    0x080007f4   0x080007f4   0x000000b0   Code   RO         3378    i.L_send_0          colorful_led.o
    0x080008a4   0x080008a4   0x000000b0   Code   RO         3379    i.L_send_1          colorful_led.o
    0x08000954   0x08000954   0x000000c0   Code   RO         3380    i.L_ws2812_refresh  colorful_led.o
    0x08000a14   0x08000a14   0x00000014   Code   RO         3381    i.L_ws2812_reset    colorful_led.o
    0x08000a28   0x08000a28   0x00000034   Code   RO         3382    i.L_ws2812_rgb      colorful_led.o
    0x08000a5c   0x08000a5c   0x0000001c   Code   RO         3656    i.Limit_Pwm         line_tracking.o
    0x08000a78   0x08000a78   0x00000080   Code   RO         3657    i.Line_Tracking_Init  line_tracking.o
    0x08000af8   0x08000af8   0x00000174   Code   RO         3658    i.Line_Tracking_Task  line_tracking.o
    0x08000c6c   0x08000c6c   0x00000022   Code   RO         3659    i.Logical_Pwm       line_tracking.o
    0x08000c8e   0x08000c8e   0x00000002   PAD
    0x08000c90   0x08000c90   0x00000068   Code   RO          271    i.MYRCC_DeInit      sys.o
    0x08000cf8   0x08000cf8   0x00000028   Code   RO          273    i.MY_NVIC_PriorityGroupConfig  sys.o
    0x08000d20   0x08000d20   0x00000014   Code   RO          274    i.MY_NVIC_SetVectorTable  sys.o
    0x08000d34   0x08000d34   0x00000004   Code   RO            4    i.MemManage_Handler  stm32f10x_it.o
    0x08000d38   0x08000d38   0x00000040   Code   RO         3487    i.Motor_Init        motor.o
    0x08000d78   0x08000d78   0x00000002   Code   RO            5    i.NMI_Handler       stm32f10x_it.o
    0x08000d7a   0x08000d7a   0x00000002   PAD
    0x08000d7c   0x08000d7c   0x00000070   Code   RO          411    i.NVIC_Init         misc.o
    0x08000dec   0x08000dec   0x0000000e   Code   RO         3660    i.Normal_Forward    line_tracking.o
    0x08000dfa   0x08000dfa   0x00000002   PAD
    0x08000dfc   0x08000dfc   0x0000003c   Code   RO         3661    i.Normal_Tracking   line_tracking.o
    0x08000e38   0x08000e38   0x000000ac   Code   RO         3488    i.PWM_Init          motor.o
    0x08000ee4   0x08000ee4   0x00000002   Code   RO            6    i.PendSV_Handler    stm32f10x_it.o
    0x08000ee6   0x08000ee6   0x00000002   PAD
    0x08000ee8   0x08000ee8   0x00000020   Code   RO         1978    i.RCC_APB1PeriphClockCmd  stm32f10x_rcc.o
    0x08000f08   0x08000f08   0x00000020   Code   RO         1980    i.RCC_APB2PeriphClockCmd  stm32f10x_rcc.o
    0x08000f28   0x08000f28   0x000000d4   Code   RO         1988    i.RCC_GetClocksFreq  stm32f10x_rcc.o
    0x08000ffc   0x08000ffc   0x000000b0   Code   RO         3383    i.R_send_0          colorful_led.o
    0x080010ac   0x080010ac   0x000000b0   Code   RO         3384    i.R_send_1          colorful_led.o
    0x0800115c   0x0800115c   0x000000c0   Code   RO         3385    i.R_ws2812_refresh  colorful_led.o
    0x0800121c   0x0800121c   0x00000014   Code   RO         3386    i.R_ws2812_reset    colorful_led.o
    0x08001230   0x08001230   0x00000034   Code   RO         3387    i.R_ws2812_rgb      colorful_led.o
    0x08001264   0x08001264   0x00000010   Code   RO         3388    i.Refresh_Ring_Led  colorful_led.o
    0x08001274   0x08001274   0x00000014   Code   RO         3389    i.Ring_Flowing_Led_Init  colorful_led.o
    0x08001288   0x08001288   0x00000024   Code   RO         3390    i.Ring_Flowing_Led_Process  colorful_led.o
    0x080012ac   0x080012ac   0x0000005c   Code   RO         3391    i.Ring_Flowing_Led_Step  colorful_led.o
    0x08001308   0x08001308   0x00000138   Code   RO         3662    i.Run_Fork_Turn     line_tracking.o
    0x08001440   0x08001440   0x00000078   Code   RO         3663    i.Run_Single_Shift  line_tracking.o
    0x080014b8   0x080014b8   0x00000002   Code   RO            7    i.SVC_Handler       stm32f10x_it.o
    0x080014ba   0x080014ba   0x00000016   Code   RO         3664    i.Sensor_Pattern    line_tracking.o
    0x080014d0   0x080014d0   0x00000070   Code   RO         3489    i.Set_Pwm           motor.o
    0x08001540   0x08001540   0x00000038   Code   RO         3392    i.Set_Ring_Led_Color  colorful_led.o
    0x08001578   0x08001578   0x0000007c   Code   RO         3665    i.Start_Fork_Turn   line_tracking.o
    0x080015f4   0x080015f4   0x00000028   Code   RO         3666    i.Start_Single_Shift  line_tracking.o
    0x0800161c   0x0800161c   0x00000090   Code   RO          275    i.Stm32_Clock_Init  sys.o
    0x080016ac   0x080016ac   0x00000002   Code   RO            8    i.SysTick_Handler   stm32f10x_it.o
    0x080016ae   0x080016ae   0x00000002   PAD
    0x080016b0   0x080016b0   0x00000080   Code   RO         2596    i.TI1_Config        stm32f10x_tim.o
    0x08001730   0x08001730   0x00000098   Code   RO         2597    i.TI2_Config        stm32f10x_tim.o
    0x080017c8   0x080017c8   0x00000090   Code   RO         2598    i.TI3_Config        stm32f10x_tim.o
    0x08001858   0x08001858   0x00000098   Code   RO         2599    i.TI4_Config        stm32f10x_tim.o
    0x080018f0   0x080018f0   0x00000018   Code   RO         2600    i.TIM_ARRPreloadConfig  stm32f10x_tim.o
    0x08001908   0x08001908   0x00000006   Code   RO         2606    i.TIM_ClearFlag     stm32f10x_tim.o
    0x0800190e   0x0800190e   0x00000018   Code   RO         2612    i.TIM_Cmd           stm32f10x_tim.o
    0x08001926   0x08001926   0x0000001e   Code   RO         2614    i.TIM_CtrlPWMOutputs  stm32f10x_tim.o
    0x08001944   0x08001944   0x00000042   Code   RO         2621    i.TIM_EncoderInterfaceConfig  stm32f10x_tim.o
    0x08001986   0x08001986   0x00000002   PAD
    0x08001988   0x08001988   0x000000ac   Code   RO         2635    i.TIM_ICInit        stm32f10x_tim.o
    0x08001a34   0x08001a34   0x00000012   Code   RO         2636    i.TIM_ICStructInit  stm32f10x_tim.o
    0x08001a46   0x08001a46   0x00000012   Code   RO         2637    i.TIM_ITConfig      stm32f10x_tim.o
    0x08001a58   0x08001a58   0x00000098   Code   RO         2641    i.TIM_OC1Init       stm32f10x_tim.o
    0x08001af0   0x08001af0   0x00000012   Code   RO         2644    i.TIM_OC1PreloadConfig  stm32f10x_tim.o
    0x08001b02   0x08001b02   0x00000002   PAD
    0x08001b04   0x08001b04   0x000000a4   Code   RO         2646    i.TIM_OC2Init       stm32f10x_tim.o
    0x08001ba8   0x08001ba8   0x0000001a   Code   RO         2649    i.TIM_OC2PreloadConfig  stm32f10x_tim.o
    0x08001bc2   0x08001bc2   0x00000004   Code   RO         2677    i.TIM_SetCounter    stm32f10x_tim.o
    0x08001bc6   0x08001bc6   0x00000012   Code   RO         2678    i.TIM_SetIC1Prescaler  stm32f10x_tim.o
    0x08001bd8   0x08001bd8   0x0000001a   Code   RO         2679    i.TIM_SetIC2Prescaler  stm32f10x_tim.o
    0x08001bf2   0x08001bf2   0x00000012   Code   RO         2680    i.TIM_SetIC3Prescaler  stm32f10x_tim.o
    0x08001c04   0x08001c04   0x0000001a   Code   RO         2681    i.TIM_SetIC4Prescaler  stm32f10x_tim.o
    0x08001c1e   0x08001c1e   0x00000002   PAD
    0x08001c20   0x08001c20   0x000000a4   Code   RO         2683    i.TIM_TimeBaseInit  stm32f10x_tim.o
    0x08001cc4   0x08001cc4   0x00000012   Code   RO         2684    i.TIM_TimeBaseStructInit  stm32f10x_tim.o
    0x08001cd6   0x08001cd6   0x00000002   PAD
    0x08001cd8   0x08001cd8   0x000000b4   Code   RO          336    i.USART1_IRQHandler  usart.o
    0x08001d8c   0x08001d8c   0x00000012   Code   RO         3144    i.USART_ClearFlag   stm32f10x_usart.o
    0x08001d9e   0x08001d9e   0x00000018   Code   RO         3148    i.USART_Cmd         stm32f10x_usart.o
    0x08001db6   0x08001db6   0x0000001a   Code   RO         3151    i.USART_GetFlagStatus  stm32f10x_usart.o
    0x08001dd0   0x08001dd0   0x00000054   Code   RO         3152    i.USART_GetITStatus  stm32f10x_usart.o
    0x08001e24   0x08001e24   0x0000004a   Code   RO         3154    i.USART_ITConfig    stm32f10x_usart.o
    0x08001e6e   0x08001e6e   0x00000002   PAD
    0x08001e70   0x08001e70   0x000000d8   Code   RO         3155    i.USART_Init        stm32f10x_usart.o
    0x08001f48   0x08001f48   0x0000000a   Code   RO         3162    i.USART_ReceiveData  stm32f10x_usart.o
    0x08001f52   0x08001f52   0x00000004   Code   RO            9    i.UsageFault_Handler  stm32f10x_it.o
    0x08001f56   0x08001f56   0x00000006   Code   RO          337    i._sys_exit         usart.o
    0x08001f5c   0x08001f5c   0x00000040   Code   RO         3393    i.colorful_led_Init  colorful_led.o
    0x08001f9c   0x08001f9c   0x0000001e   Code   RO          242    i.delay_ms          delay.o
    0x08001fba   0x08001fba   0x0000001c   Code   RO          243    i.delay_us          delay.o
    0x08001fd6   0x08001fd6   0x00000002   PAD
    0x08001fd8   0x08001fd8   0x0000001c   Code   RO          338    i.fputc             usart.o
    0x08001ff4   0x08001ff4   0x00000070   Code   RO          186    i.main              main.o
    0x08002064   0x08002064   0x0000000e   Code   RO         3490    i.myabs             motor.o
    0x08002072   0x08002072   0x00000002   PAD
    0x08002074   0x08002074   0x000000b4   Code   RO          339    i.uart_init         usart.o
    0x08002128   0x08002128   0x00000020   Data   RO         3966    Region$$Table       anon$$obj.o


    Execution Region ER_RW (Exec base: 0x20000000, Load base: 0x08002148, Size: 0x00000030, Max: 0xffffffff, ABSOLUTE)

    Exec Addr    Load Addr    Size         Type   Attr      Idx    E Section Name        Object

    0x20000000   0x08002148   0x00000009   Data   RW          341    .data               usart.o
    0x20000009   0x08002151   0x00000014   Data   RW         2008    .data               stm32f10x_rcc.o
    0x2000001d   0x08002165   0x00000002   Data   RW         3395    .data               colorful_led.o
    0x2000001f   0x08002167   0x0000000e   Data   RW         3667    .data               line_tracking.o


    Execution Region ER_ZI (Exec base: 0x20000030, Load base: 0x08002178, Size: 0x00000368, Max: 0xffffffff, ABSOLUTE)

    Exec Addr    Load Addr    Size         Type   Attr      Idx    E Section Name        Object

    0x20000030        -       0x000000d8   Zero   RW          340    .bss                usart.o
    0x20000108        -       0x00000030   Zero   RW         3394    .bss                colorful_led.o
    0x20000138        -       0x00000060   Zero   RW         3844    .bss                c_w.l(libspace.o)
    0x20000198        -       0x00000000   Zero   RW          405    HEAP                startup_stm32f10x_md.o
    0x20000198        -       0x00000200   Zero   RW          404    STACK               startup_stm32f10x_md.o


==============================================================================

Image component sizes


      Code (inc. data)   RO Data    RW Data    ZI Data      Debug   Object Name

      1516        102          0          2         48      10335   colorful_led.o
        44          4          0          0          0        572   control_system_1.o
        58          0          0          0          0       1022   delay.o
       316         14          0          0          0       1404   encoder.o
      1266        368          0         14          0       8778   line_tracking.o
       112          4          0          0          0       1367   main.o
       112         12          0          0          0       1076   misc.o
       362         30          0          0          0       2506   motor.o
        72         26        304          0        512        864   startup_stm32f10x_md.o
       296          0          0          0          0       2672   stm32f10x_gpio.o
        26          0          0          0          0     255834   stm32f10x_it.o
       276         32          0         20          0       4586   stm32f10x_rcc.o
      1568        180          0          0          0      15677   stm32f10x_tim.o
       452          6          0          0          0       6422   stm32f10x_usart.o
       308         40          0          0          0       2325   sys.o
       442         34          0          9        216       5911   usart.o

    ----------------------------------------------------------------------
      7252        852        336         48        776     321351   Object Totals
         0          0         32          0          0          0   (incl. Generated)
        26          0          0          3          0          0   (incl. Padding)

    ----------------------------------------------------------------------

      Code (inc. data)   RO Data    RW Data    ZI Data      Debug   Library Member Name

         8          0          0          0          0         68   __main.o
       104          0          0          0          0         84   __printf.o
         0          0          0          0          0          0   __rtentry.o
        12          0          0          0          0          0   __rtentry2.o
         6          0          0          0          0          0   __rtentry4.o
        52          8          0          0          0          0   __scatter.o
        26          0          0          0          0          0   __scatter_copy.o
        28          0          0          0          0          0   __scatter_zi.o
        44          0          0          0          0        108   _printf_char.o
        48          6          0          0          0         96   _printf_char_common.o
        36          4          0          0          0         80   _printf_char_file.o
         6          0          0          0          0          0   _printf_d.o
       120         16          0          0          0         92   _printf_dec.o
       178          0          0          0          0         88   _printf_intcommon.o
         0          0          0          0          0          0   _printf_percent.o
         4          0          0          0          0          0   _printf_percent_end.o
         6          0          0          0          0          0   _printf_s.o
        82          0          0          0          0         80   _printf_str.o
        18          0          0          0          0         80   exit.o
         8          0          0          0          0         68   ferror.o
         6          0          0          0          0        152   heapauxi.o
         2          0          0          0          0          0   libinit.o
         2          0          0          0          0          0   libinit2.o
         2          0          0          0          0          0   libshutdown.o
         2          0          0          0          0          0   libshutdown2.o
         8          4          0          0         96         68   libspace.o
        24          4          0          0          0         84   noretval__2printf.o
         2          0          0          0          0          0   rtexit.o
        10          0          0          0          0          0   rtexit2.o
        74          0          0          0          0         80   sys_stackheap_outer.o
         2          0          0          0          0         68   use_no_semi.o
         2          0          0          0          0         68   use_no_semi_2.o

    ----------------------------------------------------------------------
       932         42          0          0         96       1364   Library Totals
        10          0          0          0          0          0   (incl. Padding)

    ----------------------------------------------------------------------

      Code (inc. data)   RO Data    RW Data    ZI Data      Debug   Library Name

       922         42          0          0         96       1364   c_w.l

    ----------------------------------------------------------------------
       932         42          0          0         96       1364   Library Totals

    ----------------------------------------------------------------------

==============================================================================


      Code (inc. data)   RO Data    RW Data    ZI Data      Debug   

      8184        894        336         48        872     317459   Grand Totals
      8184        894        336         48        872     317459   ELF Image Totals
      8184        894        336         48          0          0   ROM Totals

==============================================================================

    Total RO  Size (Code + RO Data)                 8520 (   8.32kB)
    Total RW  Size (RW Data + ZI Data)               920 (   0.90kB)
    Total ROM Size (Code + RO Data + RW Data)       8568 (   8.37kB)

==============================================================================

