*** Using Compiler 'V5.06 update 6 (build 750)', folder: 'C:\Keil_v5\ARM\ARMCC\Bin'
Rebuild target 'Template'
assembling startup_stm32f10x_md.s...
compiling core_cm3.c...
compiling delay.c...
compiling misc.c...
compiling usart.c...
compiling stm32f10x_crc.c...
compiling stm32f10x_bkp.c...
compiling stm32f10x_it.c...
compiling stm32f10x_cec.c...
compiling main.c...
compiling stm32f10x_adc.c...
compiling stm32f10x_dac.c...
compiling system_stm32f10x.c...
compiling stm32f10x_dbgmcu.c...
compiling stm32f10x_can.c...
compiling sys.c...
compiling stm32f10x_dma.c...
compiling stm32f10x_exti.c...
compiling stm32f10x_fsmc.c...
compiling stm32f10x_flash.c...
compiling stm32f10x_gpio.c...
compiling stm32f10x_iwdg.c...
compiling stm32f10x_i2c.c...
compiling stm32f10x_pwr.c...
compiling stm32f10x_rtc.c...
compiling stm32f10x_rcc.c...
compiling stm32f10x_sdio.c...
compiling stm32f10x_wwdg.c...
compiling stm32f10x_spi.c...
compiling stm32f10x_usart.c...
compiling colorful_led.c...
compiling stm32f10x_tim.c...
compiling motor.c...
compiling encoder.c...
compiling cliff_sensor.c...
compiling line_tracking.c...
..\QST_HARDWARE\line_tracking\line_tracking.c(59): error:  #81: more than one storage class may not be specified
  static u8  s_candidate_cnt = 0;
..\QST_HARDWARE\line_tracking\line_tracking.c(59): error:  #101: "u8" has already been declared in the current scope
  static u8  s_candidate_cnt = 0;
..\QST_HARDWARE\line_tracking\line_tracking.c(59): error:  #65: expected a ";"
  static u8  s_candidate_cnt = 0;
..\QST_HARDWARE\line_tracking\line_tracking.c(68): error:  #757: variable "u8"  is not a type name
  static u8  s_stick_count = 0;
..\QST_HARDWARE\line_tracking\line_tracking.c(69): error:  #757: variable "u8"  is not a type name
  static u8  s_stick_side = 0;         /* 0=Êó?, 1=Â∑?, 2=Âè? */
..\QST_HARDWARE\line_tracking\line_tracking.c(73): error:  #757: variable "u8"  is not a type name
  static u8  s_last_deviation = 0;
..\QST_HARDWARE\line_tracking\line_tracking.c(76): error:  #757: variable "u8"  is not a type name
  static long Read_Accum_Pulse(u8 timx)
..\QST_HARDWARE\line_tracking\line_tracking.c(103): error:  #20: identifier "s_candidate_cnt" is undefined
      s_candidate_cnt = 0;
..\QST_HARDWARE\line_tracking\line_tracking.c(116): error:  #757: variable "u8"  is not a type name
  static void Sensor_Update(u8 l_val, u8 r_val)
..\QST_HARDWARE\line_tracking\line_tracking.c(116): error:  #757: variable "u8"  is not a type name
  static void Sensor_Update(u8 l_val, u8 r_val)
..\QST_HARDWARE\line_tracking\line_tracking.c(118): warning:  #174-D: expression has no effect
      u8 raw = (u8)((l_val ? 1U : 0U) | (r_val ? 2U : 0U));
..\QST_HARDWARE\line_tracking\line_tracking.c(118): error:  #65: expected a ";"
      u8 raw = (u8)((l_val ? 1U : 0U) | (r_val ? 2U : 0U));
..\QST_HARDWARE\line_tracking\line_tracking.c(120): error:  #20: identifier "raw" is undefined
      if (raw == s_raw_pattern) {
..\QST_HARDWARE\line_tracking\line_tracking.c(153): error:  #757: variable "u8"  is not a type name
  static void Track_Line(u8 l_val, u8 r_val)
..\QST_HARDWARE\line_tracking\line_tracking.c(153): error:  #757: variable "u8"  is not a type name
  static void Track_Line(u8 l_val, u8 r_val)
..\QST_HARDWARE\line_tracking\line_tracking.c(182): error:  #757: variable "u8"  is not a type name
  static void Guide_Branch(u8 bias, u8 l_val, u8 r_val)
..\QST_HARDWARE\line_tracking\line_tracking.c(182): error:  #757: variable "u8"  is not a type name
  static void Guide_Branch(u8 bias, u8 l_val, u8 r_val)
..\QST_HARDWARE\line_tracking\line_tracking.c(182): error:  #757: variable "u8"  is not a type name
  static void Guide_Branch(u8 bias, u8 l_val, u8 r_val)
..\QST_HARDWARE\line_tracking\line_tracking.c(221): error:  #20: identifier "s_candidate_cnt" is undefined
      s_candidate_cnt = 0;
..\QST_HARDWARE\line_tracking\line_tracking.c(235): warning:  #174-D: expression has no effect
      u8 l_val, r_val;
..\QST_HARDWARE\line_tracking\line_tracking.c(235): error:  #65: expected a ";"
      u8 l_val, r_val;
..\QST_HARDWARE\line_tracking\line_tracking.c(236): warning:  #174-D: expression has no effect
      u8 raw_pat;
..\QST_HARDWARE\line_tracking\line_tracking.c(236): error:  #65: expected a ";"
      u8 raw_pat;
..\QST_HARDWARE\line_tracking\line_tracking.c(240): error:  #20: identifier "l_val" is undefined
      l_val = GPIO_ReadInputDataBit(CLIFF_PORT, CLIFF_PIN_L) ? 1U : 0U;
..\QST_HARDWARE\line_tracking\line_tracking.c(241): error:  #20: identifier "r_val" is undefined
      r_val = GPIO_ReadInputDataBit(CLIFF_PORT, CLIFF_PIN_R) ? 1U : 0U;
..\QST_HARDWARE\line_tracking\line_tracking.c(242): error:  #20: identifier "raw_pat" is undefined
      raw_pat = (u8)((l_val ? 1U : 0U) | (r_val ? 2U : 0U));
..\QST_HARDWARE\line_tracking\line_tracking.c(242): error:  #109: expression preceding parentheses of apparent call must have (pointer-to-) function type
      raw_pat = (u8)((l_val ? 1U : 0U) | (r_val ? 2U : 0U));
..\QST_HARDWARE\line_tracking\line_tracking.c(269): error:  #20: identifier "s_candidate_cnt" is undefined
                  s_candidate_cnt++;
..\QST_HARDWARE\line_tracking\line_tracking.c(274): error:  #20: identifier "s_candidate_cnt" is undefined
                  s_candidate_cnt = 0;
..\QST_HARDWARE\line_tracking\line_tracking.c(315): error:  #20: identifier "s_candidate_cnt" is undefined
                  s_candidate_cnt++;
..\QST_HARDWARE\line_tracking\line_tracking.c(320): error:  #20: identifier "s_candidate_cnt" is undefined
                  s_candidate_cnt = 0;
..\QST_HARDWARE\line_tracking\line_tracking.c(342): error:  #20: identifier "s_candidate_cnt" is undefined
                  s_candidate_cnt++;
..\QST_HARDWARE\line_tracking\line_tracking.c(347): error:  #20: identifier "s_candidate_cnt" is undefined
                  s_candidate_cnt = 0;
..\QST_HARDWARE\line_tracking\line_tracking.c: 3 warnings, 30 errors
compiling control_system.c...
"..\OBJ\Template.axf" - 30 Error(s), 3 Warning(s).
Target not created.
Build Time Elapsed:  00:00:02
