*** Using Compiler 'V5.06 update 6 (build 750)', folder: 'C:\Keil_v5\ARM\ARMCC\Bin'
Rebuild target 'Template'
assembling startup_stm32f10x_md.s...
compiling stm32f10x_it.c...
compiling core_cm3.c...
compiling stm32f10x_cec.c...
compiling main.c...
compiling sys.c...
compiling stm32f10x_adc.c...
compiling delay.c...
compiling stm32f10x_crc.c...
compiling misc.c...
compiling system_stm32f10x.c...
compiling stm32f10x_dac.c...
compiling stm32f10x_bkp.c...
compiling usart.c...
compiling stm32f10x_can.c...
compiling stm32f10x_exti.c...
compiling stm32f10x_dbgmcu.c...
compiling stm32f10x_dma.c...
compiling stm32f10x_flash.c...
compiling stm32f10x_fsmc.c...
compiling stm32f10x_gpio.c...
compiling stm32f10x_iwdg.c...
compiling stm32f10x_pwr.c...
compiling stm32f10x_i2c.c...
compiling stm32f10x_rcc.c...
compiling stm32f10x_rtc.c...
compiling stm32f10x_sdio.c...
compiling stm32f10x_spi.c...
compiling stm32f10x_usart.c...
compiling stm32f10x_wwdg.c...
compiling stm32f10x_tim.c...
compiling motor.c...
compiling colorful_led.c...
compiling encoder.c...
compiling cliff_sensor.c...
compiling control_system.c...
compiling line_tracking.c...
..\QST_HARDWARE\line_tracking\line_tracking.c(195): error:  #20: identifier "s_junction_action_cycles" is undefined
      s_junction_action_cycles = 0U;
..\QST_HARDWARE\line_tracking\line_tracking.c(384): error:  #20: identifier "s_junction_action_cycles" is undefined
      s_junction_action_cycles = 0U;
..\QST_HARDWARE\line_tracking\line_tracking.c(403): error:  #20: identifier "s_junction_action_cycles" is undefined
      s_junction_action_cycles = 0U;
..\QST_HARDWARE\line_tracking\line_tracking.c(596): error:  #20: identifier "s_junction_action_cycles" is undefined
      s_junction_action_cycles = 0U;
..\QST_HARDWARE\line_tracking\line_tracking.c: 0 warnings, 4 errors
"..\OBJ\Template.axf" - 4 Error(s), 0 Warning(s).
Target not created.
Build Time Elapsed:  00:00:01
