*** Using Compiler 'V5.06 update 6 (build 750)', folder: 'C:\Keil_v5\ARM\ARMCC\Bin'
Rebuild target 'Template'
assembling startup_stm32f10x_md.s...
compiling system_stm32f10x.c...
compiling misc.c...
compiling core_cm3.c...
compiling usart.c...
compiling stm32f10x_it.c...
compiling stm32f10x_cec.c...
compiling stm32f10x_adc.c...
compiling stm32f10x_dac.c...
compiling stm32f10x_crc.c...
compiling stm32f10x_bkp.c...
compiling delay.c...
compiling main.c...
compiling stm32f10x_can.c...
compiling stm32f10x_dbgmcu.c...
compiling sys.c...
compiling stm32f10x_exti.c...
compiling stm32f10x_dma.c...
compiling stm32f10x_flash.c...
compiling stm32f10x_gpio.c...
compiling stm32f10x_fsmc.c...
compiling stm32f10x_spi.c...
compiling stm32f10x_sdio.c...
compiling stm32f10x_pwr.c...
compiling stm32f10x_i2c.c...
compiling stm32f10x_iwdg.c...
compiling stm32f10x_rtc.c...
compiling stm32f10x_wwdg.c...
compiling stm32f10x_usart.c...
compiling stm32f10x_rcc.c...
compiling motor.c...
compiling encoder.c...
compiling colorful_led.c...
compiling cliff_sensor.c...
compiling stm32f10x_tim.c...
compiling control_system.c...
compiling line_tracking.c...
..\QST_HARDWARE\line_tracking\line_tracking.c(119): error:  #20: identifier "s_stage1_ms" is undefined
      return s_ms_tick - s_stage1_ms;    /* æ—?ç¬?å?å›?ç»?å®?å…? */
..\QST_HARDWARE\line_tracking\line_tracking.c(130): warning:  #550-D: variable "s_stage1_ms"  was set but never used
  static u32 s_stage1_ms = 0;            /* V6: è¿?å…? STAGE 1 çš?æ—?åˆ?å¿?ç…? (ms) */
..\QST_HARDWARE\line_tracking\line_tracking.c: 1 warning, 1 error
"..\OBJ\Template.axf" - 1 Error(s), 1 Warning(s).
Target not created.
Build Time Elapsed:  00:00:01
