*** Using Compiler 'V5.06 update 6 (build 750)', folder: 'C:\Keil_v5\ARM\ARMCC\Bin'
Rebuild target 'Template'
assembling startup_stm32f10x_md.s...
compiling stm32f10x_it.c...
compiling usart.c...
compiling core_cm3.c...
compiling main.c...
compiling system_stm32f10x.c...
compiling stm32f10x_cec.c...
compiling stm32f10x_crc.c...
compiling stm32f10x_adc.c...
compiling stm32f10x_dac.c...
compiling misc.c...
compiling stm32f10x_dbgmcu.c...
compiling stm32f10x_bkp.c...
compiling delay.c...
compiling sys.c...
compiling stm32f10x_can.c...
compiling stm32f10x_exti.c...
compiling stm32f10x_dma.c...
compiling stm32f10x_flash.c...
compiling stm32f10x_fsmc.c...
compiling stm32f10x_pwr.c...
compiling stm32f10x_iwdg.c...
compiling stm32f10x_gpio.c...
compiling stm32f10x_i2c.c...
compiling stm32f10x_rtc.c...
compiling stm32f10x_rcc.c...
compiling stm32f10x_wwdg.c...
compiling stm32f10x_sdio.c...
compiling stm32f10x_spi.c...
compiling stm32f10x_usart.c...
compiling motor.c...
compiling stm32f10x_tim.c...
compiling colorful_led.c...
compiling encoder.c...
compiling control_system.c...
compiling cliff_sensor.c...
compiling line_tracking.c...
..\QST_HARDWARE\line_tracking\line_tracking.c(329): warning:  #223-D: function "Get_Forward_Dulse" declared implicitly
                  if ((raw_pat == 1U || raw_pat == 2U) && Get_Forward_Dulse() > MIN_GUIDE_PULSE) {
..\QST_HARDWARE\line_tracking\line_tracking.c(56): warning:  #550-D: variable "s_exit_edge"  was set but never used
  static u8  s_exit_edge = 0;
..\QST_HARDWARE\line_tracking\line_tracking.c: 2 warnings, 0 errors
linking...
..\OBJ\Template.axf: Error: L6218E: Undefined symbol Get_Forward_Dulse (referred from line_tracking.o).
Not enough information to list image symbols.
Not enough information to list load addresses in the image map.
Finished: 2 information, 0 warning and 1 error messages.
"..\OBJ\Template.axf" - 1 Error(s), 2 Warning(s).
Target not created.
Build Time Elapsed:  00:00:01
