*** Using Compiler 'V5.06 update 6 (build 750)', folder: 'C:\Keil_v5\ARM\ARMCC\Bin'
Rebuild target 'Template'
assembling startup_stm32f10x_md.s...
compiling stm32f10x_bkp.c...
compiling core_cm3.c...
compiling stm32f10x_dac.c...
compiling system_stm32f10x.c...
compiling stm32f10x_it.c...
compiling stm32f10x_cec.c...
compiling stm32f10x_crc.c...
compiling misc.c...
compiling delay.c...
compiling stm32f10x_adc.c...
compiling main.c...
compiling stm32f10x_can.c...
compiling usart.c...
compiling stm32f10x_dbgmcu.c...
compiling stm32f10x_dma.c...
compiling sys.c...
compiling stm32f10x_exti.c...
compiling stm32f10x_fsmc.c...
compiling stm32f10x_flash.c...
compiling stm32f10x_gpio.c...
compiling stm32f10x_i2c.c...
compiling stm32f10x_iwdg.c...
compiling stm32f10x_pwr.c...
compiling stm32f10x_rtc.c...
compiling stm32f10x_rcc.c...
compiling stm32f10x_sdio.c...
compiling stm32f10x_spi.c...
compiling stm32f10x_wwdg.c...
compiling stm32f10x_usart.c...
compiling motor.c...
compiling stm32f10x_tim.c...
compiling colorful_led.c...
compiling cliff_sensor.c...
compiling encoder.c...
compiling control_system.c...
compiling line_tracking.c...
..\QST_HARDWARE\line_tracking\line_tracking.c(181): warning:  #550-D: variable "s_fixed_correct"  was set but never used
  static FixedCorrectState_t s_fixed_correct = FIXED_CORRECT_NONE;
..\QST_HARDWARE\line_tracking\line_tracking.c(182): warning:  #550-D: variable "s_fixed_correct_side"  was set but never used
  static u8 s_fixed_correct_side = 0;
..\QST_HARDWARE\line_tracking\line_tracking.c(183): warning:  #550-D: variable "s_fixed_correct_cycles"  was set but never used
  static u16 s_fixed_correct_cycles = 0;
..\QST_HARDWARE\line_tracking\line_tracking.c: 3 warnings, 0 errors
linking...
Program Size: Code=10764 RO-data=424 RW-data=96 ZI-data=872  
FromELF: creating hex file...
"..\OBJ\Template.axf" - 0 Error(s), 3 Warning(s).
Build Time Elapsed:  00:00:01
