*** Using Compiler 'V5.06 update 6 (build 750)', folder: 'C:\Keil_v5\ARM\ARMCC\Bin'
Rebuild target 'Template'
assembling startup_stm32f10x_md.s...
compiling stm32f10x_adc.c...
compiling stm32f10x_dac.c...
compiling core_cm3.c...
compiling stm32f10x_crc.c...
compiling misc.c...
compiling stm32f10x_bkp.c...
compiling delay.c...
compiling usart.c...
compiling stm32f10x_cec.c...
compiling stm32f10x_it.c...
compiling system_stm32f10x.c...
compiling stm32f10x_dbgmcu.c...
compiling sys.c...
compiling stm32f10x_can.c...
compiling main.c...
compiling stm32f10x_dma.c...
compiling stm32f10x_exti.c...
compiling stm32f10x_flash.c...
compiling stm32f10x_fsmc.c...
compiling stm32f10x_iwdg.c...
compiling stm32f10x_gpio.c...
compiling stm32f10x_i2c.c...
compiling stm32f10x_pwr.c...
compiling stm32f10x_sdio.c...
compiling stm32f10x_rtc.c...
compiling stm32f10x_spi.c...
compiling stm32f10x_wwdg.c...
compiling stm32f10x_rcc.c...
compiling stm32f10x_usart.c...
compiling colorful_led.c...
compiling stm32f10x_tim.c...
compiling motor.c...
compiling encoder.c...
compiling control_system.c...
compiling cliff_sensor.c...
compiling line_tracking.c...
..\QST_HARDWARE\line_tracking\line_tracking.c(326): warning:  #177-D: function "Fixed_Correction_Run"  was declared but never referenced
  static u8 Fixed_Correction_Run(u8 l_val, u8 r_val)
..\QST_HARDWARE\line_tracking\line_tracking.c: 1 warning, 0 errors
linking...
Program Size: Code=10764 RO-data=424 RW-data=96 ZI-data=872  
FromELF: creating hex file...
"..\OBJ\Template.axf" - 0 Error(s), 1 Warning(s).
Build Time Elapsed:  00:00:01
