*** Using Compiler 'V5.06 update 6 (build 750)', folder: 'C:\Keil_v5\ARM\ARMCC\Bin'
Rebuild target 'Template'
compiling misc.c...
assembling startup_stm32f10x_md.s...
compiling usart.c...
compiling main.c...
compiling system_stm32f10x.c...
compiling stm32f10x_bkp.c...
compiling stm32f10x_it.c...
compiling core_cm3.c...
compiling delay.c...
compiling stm32f10x_cec.c...
compiling stm32f10x_dac.c...
compiling stm32f10x_adc.c...
compiling stm32f10x_crc.c...
compiling stm32f10x_can.c...
compiling stm32f10x_dma.c...
compiling stm32f10x_dbgmcu.c...
compiling sys.c...
compiling stm32f10x_exti.c...
compiling stm32f10x_flash.c...
compiling stm32f10x_iwdg.c...
compiling stm32f10x_pwr.c...
compiling stm32f10x_fsmc.c...
compiling stm32f10x_gpio.c...
compiling stm32f10x_i2c.c...
compiling stm32f10x_rtc.c...
compiling stm32f10x_wwdg.c...
compiling stm32f10x_spi.c...
compiling stm32f10x_rcc.c...
compiling stm32f10x_sdio.c...
compiling stm32f10x_usart.c...
compiling colorful_led.c...
compiling stm32f10x_tim.c...
compiling encoder.c...
compiling motor.c...
compiling cliff_sensor.c...
compiling control_system.c...
compiling line_tracking.c...
..\QST_HARDWARE\line_tracking\line_tracking.c(711): warning:  #550-D: variable "raw_pat"  was set but never used
      u8 raw_pat;
..\QST_HARDWARE\line_tracking\line_tracking.c(134): warning:  #550-D: variable "s_fork1_left_seen"  was set but never used
  static u8  s_fork1_left_seen = 0;
..\QST_HARDWARE\line_tracking\line_tracking.c(135): warning:  #550-D: variable "s_fork1_left_departed"  was set but never used
  static u8  s_fork1_left_departed = 0;
..\QST_HARDWARE\line_tracking\line_tracking.c(136): warning:  #550-D: variable "s_fork2_right_seen"  was set but never used
  static u8  s_fork2_right_seen = 0;
..\QST_HARDWARE\line_tracking\line_tracking.c(137): warning:  #550-D: variable "s_fork2_right_departed"  was set but never used
  static u8  s_fork2_right_departed = 0;
..\QST_HARDWARE\line_tracking\line_tracking.c(138): warning:  #550-D: variable "s_finish_black_count"  was set but never used
  static u8  s_finish_black_count = 0;
..\QST_HARDWARE\line_tracking\line_tracking.c(139): warning:  #550-D: variable "s_finish_departed"  was set but never used
  static u8  s_finish_departed = 0;
..\QST_HARDWARE\line_tracking\line_tracking.c(202): warning:  #177-D: function "Get_Forward_Distance"  was declared but never referenced
  static long Get_Forward_Distance(void)
..\QST_HARDWARE\line_tracking\line_tracking.c(279): warning:  #177-D: function "Cross_Candidate_Check"  was declared but never referenced
  static u8 Cross_Candidate_Check(void)
..\QST_HARDWARE\line_tracking\line_tracking.c(649): warning:  #177-D: function "Guide_Branch"  was declared but never referenced
  static void Guide_Branch(u8 bias, u8 l_val, u8 r_val)
..\QST_HARDWARE\line_tracking\line_tracking.c: 10 warnings, 0 errors
linking...
Program Size: Code=11484 RO-data=424 RW-data=120 ZI-data=872  
FromELF: creating hex file...
"..\OBJ\Template.axf" - 0 Error(s), 10 Warning(s).
Build Time Elapsed:  00:00:02
